Archive member included because of file (symbol)

d:/program files/microchip/xc32/v2.41/bin/bin/../../lib/gcc/pic32mx/4.8.3/../../../../pic32mx/lib\libmchp_peripheral_32MX250F128B.a(int_disable_interrupts_lib.o)
                              build/default/production/dds_test.o (INTDisableInterrupts)
d:/program files/microchip/xc32/v2.41/bin/bin/../../lib/gcc/pic32mx/4.8.3/../../../../pic32mx/lib\libmchp_peripheral_32MX250F128B.a(int_restore_interrupts_lib.o)
                              build/default/production/dds_test.o (INTRestoreInterrupts)
d:/program files/microchip/xc32/v2.41/bin/bin/../../lib/gcc/pic32mx/4.8.3/../../../../pic32mx/lib\libmchp_peripheral_32MX250F128B.a(int_enable_sv_int_lib.o)
                              build/default/production/ztimer.o (INTEnableSystemSingleVectoredInt)
d:/program files/microchip/xc32/v2.41/bin/bin/../../lib/gcc/pic32mx/4.8.3/../../../../pic32mx/lib\libmchp_peripheral_32MX250F128B.a(spi_chn_open_lib.o)
                              build/default/production/dac4822.o (SpiChnOpen)
d:/program files/microchip/xc32/v2.41/bin/bin/../../lib/gcc/pic32mx/4.8.3/../../../../pic32mx/lib\libmchp_peripheral_32MX250F128B.a(spi_map_tbl_libp.o)
                              d:/program files/microchip/xc32/v2.41/bin/bin/../../lib/gcc/pic32mx/4.8.3/../../../../pic32mx/lib\libmchp_peripheral_32MX250F128B.a(spi_chn_open_lib.o) (_SpiMapTbl)
d:/program files/microchip/xc32/v2.41/bin/bin/../../lib/gcc/pic32mx/4.8.3/../../../../pic32mx/lib\libmchp_peripheral_32MX250F128B.a(int_enable_interrupts_lib.o)
                              d:/program files/microchip/xc32/v2.41/bin/bin/../../lib/gcc/pic32mx/4.8.3/../../../../pic32mx/lib\libmchp_peripheral_32MX250F128B.a(int_enable_sv_int_lib.o) (INTEnableInterrupts)
d:/program files/microchip/xc32/v2.41/bin/bin/../../lib/gcc/pic32mx/4.8.3/../../../../pic32mx/lib\libmchp_peripheral_32MX250F128B.a(int_tbl_lib.o)
                              d:/program files/microchip/xc32/v2.41/bin/bin/../../lib/gcc/pic32mx/4.8.3/../../../../pic32mx/lib\libmchp_peripheral_32MX250F128B.a(spi_chn_open_lib.o) (INTClearFlag)
d:/program files/microchip/xc32/v2.41/bin/bin/../../lib/gcc/pic32mx/4.8.3\libgcc.a(floatunsisf.o)
                              build/default/production/dds_fsm.o (__floatunsisf)
d:/program files/microchip/xc32/v2.41/bin/bin/../../lib/gcc/pic32mx/4.8.3/../../../../pic32mx/lib\libpic32.a(default-bootstrap-exception-handler.o)
                              C:\Users\leibe\AppData\Local\Temp\ccclmqjN.o (_bootstrap_exception_handler)
d:/program files/microchip/xc32/v2.41/bin/bin/../../lib/gcc/pic32mx/4.8.3/../../../../pic32mx/lib\libpic32.a(default-on-reset.o)
                              C:\Users\leibe\AppData\Local\Temp\ccclmqjN.o (_on_reset)
d:/program files/microchip/xc32/v2.41/bin/bin/../../lib/gcc/pic32mx/4.8.3/../../../../pic32mx/lib\libpic32.a(default-on-bootstrap.o)
                              C:\Users\leibe\AppData\Local\Temp\ccclmqjN.o (_on_bootstrap)
d:/program files/microchip/xc32/v2.41/bin/bin/../../lib/gcc/pic32mx/4.8.3/../../../../pic32mx/lib\libpic32.a(default-nmi-handler.o)
                              C:\Users\leibe\AppData\Local\Temp\ccclmqjN.o (_nmi_handler)
d:/program files/microchip/xc32/v2.41/bin/bin/../../lib/gcc/pic32mx/4.8.3/../../../../pic32mx/lib\libpic32.a(pic32_data_init.o)
                              C:\Users\leibe\AppData\Local\Temp\ccclmqjN.o (__pic32_data_init)
d:/program files/microchip/xc32/v2.41/bin/bin/../../lib/gcc/pic32mx/4.8.3/../../../../pic32mx/lib\libpic32.a(general-exception.o)
                              C:\Users\leibe\AppData\Local\Temp\ccclmqjN.o (_general_exception_context)
d:/program files/microchip/xc32/v2.41/bin/bin/../../lib/gcc/pic32mx/4.8.3/../../../../pic32mx/lib\libpic32.a(vector1.o)
                              C:\Users\leibe\AppData\Local\Temp\cc4gROqC.o (__vector_dispatch_1)
d:/program files/microchip/xc32/v2.41/bin/bin/../../lib/gcc/pic32mx/4.8.3/../../../../pic32mx/lib\libpic32.a(vector2.o)
                              C:\Users\leibe\AppData\Local\Temp\cc4gROqC.o (__vector_dispatch_2)
d:/program files/microchip/xc32/v2.41/bin/bin/../../lib/gcc/pic32mx/4.8.3/../../../../pic32mx/lib\libpic32.a(vector3.o)
                              C:\Users\leibe\AppData\Local\Temp\cc4gROqC.o (__vector_dispatch_3)
d:/program files/microchip/xc32/v2.41/bin/bin/../../lib/gcc/pic32mx/4.8.3/../../../../pic32mx/lib\libpic32.a(vector4.o)
                              C:\Users\leibe\AppData\Local\Temp\cc4gROqC.o (__vector_dispatch_4)
d:/program files/microchip/xc32/v2.41/bin/bin/../../lib/gcc/pic32mx/4.8.3/../../../../pic32mx/lib\libpic32.a(vector5.o)
                              C:\Users\leibe\AppData\Local\Temp\cc4gROqC.o (__vector_dispatch_5)
d:/program files/microchip/xc32/v2.41/bin/bin/../../lib/gcc/pic32mx/4.8.3/../../../../pic32mx/lib\libpic32.a(vector6.o)
                              C:\Users\leibe\AppData\Local\Temp\cc4gROqC.o (__vector_dispatch_6)
[...]
Memory Configuration

Name             Origin             Length             Attributes
kseg0_program_mem 0x9d000000         0x0001f000         xr
exception_mem    0x9d01f000         0x00001000
debug_exec_mem   0x9fc00490         0x00000760
kseg0_boot_mem   0x9fc00490         0x00000000
kseg1_boot_mem   0xbfc00000         0x00000490
config3          0xbfc00bf0         0x00000004
config2          0xbfc00bf4         0x00000004
config1          0xbfc00bf8         0x00000004
config0          0xbfc00bfc         0x00000004
kseg1_data_mem   0xa0000000         0x00008000         w !x
sfrs             0xbf800000         0x00100000
configsfrs       0xbfc00bf0         0x00000010
*default*        0x00000000         0xffffffff

Linker script and memory map

LOAD d:/program files/microchip/xc32/v2.41/bin/bin/../../lib/gcc/pic32mx/4.8.3/../../../../pic32mx/lib\debug-exception-return.o
LOAD build/default/production/dac4822.o
LOAD build/default/production/dds_test.o
LOAD build/default/production/timer1.o
LOAD build/default/production/dds_fsm.o
LOAD build/default/production/ztimer.o
                0x00000001                __MPLAB_BUILD = 0x1
LOAD C:\Users\leibe\AppData\Local\Temp\ccclmqjN.o
LOAD C:\Users\leibe\AppData\Local\Temp\cc4zl2fA.o
LOAD C:\Users\leibe\AppData\Local\Temp\cc4gROqC.o
LOAD d:/program files/microchip/xc32/v2.41/bin/bin/../../lib/gcc/pic32mx/4.8.3/../../../../pic32mx/lib\pic32_software_reset.o
                0x00000400                PROVIDE (_min_stack_size, 0x400)
START GROUP
LOAD d:/program files/microchip/xc32/v2.41/bin/bin/../../lib/gcc/pic32mx/4.8.3/../../../../pic32mx/lib/./proc/32MX250F128B\processor.o
END GROUP
START GROUP
LOAD d:/program files/microchip/xc32/v2.41/bin/bin/../../lib/gcc/pic32mx/4.8.3/../../../../pic32mx/lib\libmchp_peripheral.a
END GROUP
START GROUP
LOAD d:/program files/microchip/xc32/v2.41/bin/bin/../../lib/gcc/pic32mx/4.8.3/../../../../pic32mx/lib\libmchp_peripheral_32MX250F128B.a
END GROUP
                0x00000001                PROVIDE (_vector_spacing, 0x1)
                0x9d01f000                PROVIDE (_ebase_address, 0x9d01f000)
                0xbfc00000                _RESET_ADDR = 0xbfc00000
                0xbfc00380                _BEV_EXCPT_ADDR = 0xbfc00380
                0xbfc00480                _DBG_EXCPT_ADDR = 0xbfc00480
                0x9fc00490                _DBG_CODE_ADDR = 0x9fc00490
                0x00000760                _DBG_CODE_SIZE = 0x760
                0x9d01f180                _GEN_EXCPT_ADDR = (_ebase_address + 0x180)

.config_BFC00BF0
 *(.config_BFC00BF0)

.config_BFC00BF4
                0xbfc00bf4        0x4
 *(.config_BFC00BF4)
 .config_BFC00BF4
                0xbfc00bf4        0x4 build/default/production/dds_test.o

.config_BFC00BF8
                0xbfc00bf8        0x4
 *(.config_BFC00BF8)
 .config_BFC00BF8
                0xbfc00bf8        0x4 build/default/production/dds_test.o

.config_BFC00BFC
                0xbfc00bfc        0x4
 *(.config_BFC00BFC)
 .config_BFC00BFC
                0xbfc00bfc        0x4 build/default/production/dds_test.o
                0xbfc02000                PROVIDE (_DBG_CODE_ADDR, 0xbfc02000)
                0x00000ff0                PROVIDE (_DBG_CODE_SIZE, 0xff0)

.reset          0xbfc00000      0x178
 *(.reset)
 .reset         0xbfc00000        0x8 C:\Users\leibe\AppData\Local\Temp\ccclmqjN.o
                0xbfc00000                _reset
 *(.reset.startup)
 .reset.startup
                0xbfc00008      0x170 C:\Users\leibe\AppData\Local\Temp\ccclmqjN.o
                0xbfc00008                _startup

.bev_excpt      0xbfc00380       0x10
 *(.bev_handler)
 .bev_handler   0xbfc00380       0x10 C:\Users\leibe\AppData\Local\Temp\ccclmqjN.o

.dbg_excpt      0xbfc00480        0x0
                0xbfc00480                . = (. + DEFINED (_DEBUGGER)?0x8:0x0)

.dbg_code       0x9fc00490        0x0
                0x9fc00490                . = (. + DEFINED (_DEBUGGER)?_DBG_CODE_SIZE:0x0)

.app_excpt      0x9d01f180       0x10
 *(.gen_handler)
 .gen_handler   0x9d01f180       0x10 C:\Users\leibe\AppData\Local\Temp\ccclmqjN.o

.vector_0       0x9d01f200        0x8
 *(.vector_0)
 .vector_0      0x9d01f200        0x8 build/default/production/ztimer.o
                0x9d01f200                __vector_dispatch_0
                0x00000001                ASSERT (((_vector_spacing == 0x0) || (SIZEOF (.vector_0) <= (_vector_spacing << 0x5))), function at exception vector 0 too large)

.vector_1       0x9d01f220        0x8
 *(.vector_1)
 .vector_1      0x9d01f220        0x8 d:/program files/microchip/xc32/v2.41/bin/bin/../../lib/gcc/pic32mx/4.8.3/../../../../pic32mx/lib\libpic32.a(vector1.o)
                0x9d01f220                __vector_dispatch_1
                0x00000001                ASSERT (((_vector_spacing == 0x0) || (SIZEOF (.vector_1) <= (_vector_spacing << 0x5))), function at exception vector 1 too large)

.vector_2       0x9d01f240        0x8
 *(.vector_2)
 .vector_2      0x9d01f240        0x8 d:/program files/microchip/xc32/v2.41/bin/bin/../../lib/gcc/pic32mx/4.8.3/../../../../pic32mx/lib\libpic32.a(vector2.o)
                0x9d01f240                __vector_dispatch_2
                0x00000001                ASSERT (((_vector_spacing == 0x0) || (SIZEOF (.vector_2) <= (_vector_spacing << 0x5))), function at exception vector 2 too large)

.vector_3       0x9d01f260        0x8
 *(.vector_3)
 .vector_3      0x9d01f260        0x8 d:/program files/microchip/xc32/v2.41/bin/bin/../../lib/gcc/pic32mx/4.8.3/../../../../pic32mx/lib\libpic32.a(vector3.o)
                0x9d01f260                __vector_dispatch_3
                0x00000001                ASSERT (((_vector_spacing == 0x0) || (SIZEOF (.vector_3) <= (_vector_spacing << 0x5))), function at exception vector 3 too large)

.vector_4       0x9d01f280        0x8
 *(.vector_4)
 .vector_4      0x9d01f280        0x8 d:/program files/microchip/xc32/v2.41/bin/bin/../../lib/gcc/pic32mx/4.8.3/../../../../pic32mx/lib\libpic32.a(vector4.o)
                0x9d01f280                __vector_dispatch_4
                0x00000001                ASSERT (((_vector_spacing == 0x0) || (SIZEOF (.vector_4) <= (_vector_spacing << 0x5))), function at exception vector 4 too large)

.vector_5       0x9d01f2a0        0x8
 *(.vector_5)
 .vector_5      0x9d01f2a0        0x8 d:/program files/microchip/xc32/v2.41/bin/bin/../../lib/gcc/pic32mx/4.8.3/../../../../pic32mx/lib\libpic32.a(vector5.o)
                0x9d01f2a0                __vector_dispatch_5
                0x00000001                ASSERT (((_vector_spacing == 0x0) || (SIZEOF (.vector_5) <= (_vector_spacing << 0x5))), function at exception vector 5 too large)

.vector_6       0x9d01f2c0        0x8
 *(.vector_6)
 .vector_6      0x9d01f2c0        0x8 d:/program files/microchip/xc32/v2.41/bin/bin/../../lib/gcc/pic32mx/4.8.3/../../../../pic32mx/lib\libpic32.a(vector6.o)
                0x9d01f2c0                __vector_dispatch_6
                0x00000001                ASSERT (((_vector_spacing == 0x0) || (SIZEOF (.vector_6) <= (_vector_spacing << 0x5))), function at exception vector 6 too large)

.vector_7       0x9d01f2e0        0x8
 *(.vector_7)
 .vector_7      0x9d01f2e0        0x8 d:/program files/microchip/xc32/v2.41/bin/bin/../../lib/gcc/pic32mx/4.8.3/../../../../pic32mx/lib\libpic32.a(vector7.o)
                0x9d01f2e0                __vector_dispatch_7
                0x00000001                ASSERT (((_vector_spacing == 0x0) || (SIZEOF (.vector_7) <= (_vector_spacing << 0x5))), function at exception vector 7 too large)

.vector_8       0x9d01f300        0x8
 *(.vector_8)
 .vector_8      0x9d01f300        0x8 d:/program files/microchip/xc32/v2.41/bin/bin/../../lib/gcc/pic32mx/4.8.3/../../../../pic32mx/lib\libpic32.a(vector8.o)
                0x9d01f300                __vector_dispatch_8
                0x00000001                ASSERT (((_vector_spacing == 0x0) || (SIZEOF (.vector_8) <= (_vector_spacing << 0x5))), function at exception vector 8 too large)

.vector_9       0x9d01f320        0x8
 *(.vector_9)
 .vector_9      0x9d01f320        0x8 d:/program files/microchip/xc32/v2.41/bin/bin/../../lib/gcc/pic32mx/4.8.3/../../../../pic32mx/lib\libpic32.a(vector9.o)
                0x9d01f320                __vector_dispatch_9
                0x00000001                ASSERT (((_vector_spacing == 0x0) || (SIZEOF (.vector_9) <= (_vector_spacing << 0x5))), function at exception vector 9 too large)

.vector_10      0x9d01f340        0x8
 *(.vector_10)
 .vector_10     0x9d01f340        0x8 d:/program files/microchip/xc32/v2.41/bin/bin/../../lib/gcc/pic32mx/4.8.3/../../../../pic32mx/lib\libpic32.a(vector10.o)
                0x9d01f340                __vector_dispatch_10
                0x00000001                ASSERT (((_vector_spacing == 0x0) || (SIZEOF (.vector_10) <= (_vector_spacing << 0x5))), function at exception vector 10 too large)

.vector_11      0x9d01f360        0x8
 *(.vector_11)
 .vector_11     0x9d01f360        0x8 d:/program files/microchip/xc32/v2.41/bin/bin/../../lib/gcc/pic32mx/4.8.3/../../../../pic32mx/lib\libpic32.a(vector11.o)
                0x9d01f360                __vector_dispatch_11
                0x00000001                ASSERT (((_vector_spacing == 0x0) || (SIZEOF (.vector_11) <= (_vector_spacing << 0x5))), function at exception vector 11 too large)

.vector_12      0x9d01f380        0x8
 *(.vector_12)
 .vector_12     0x9d01f380        0x8 d:/program files/microchip/xc32/v2.41/bin/bin/../../lib/gcc/pic32mx/4.8.3/../../../../pic32mx/lib\libpic32.a(vector12.o)
                0x9d01f380                __vector_dispatch_12
                0x00000001                ASSERT (((_vector_spacing == 0x0) || (SIZEOF (.vector_12) <= (_vector_spacing << 0x5))), function at exception vector 12 too large)

.vector_13      0x9d01f3a0        0x8
 *(.vector_13)
 .vector_13     0x9d01f3a0        0x8 d:/program files/microchip/xc32/v2.41/bin/bin/../../lib/gcc/pic32mx/4.8.3/../../../../pic32mx/lib\libpic32.a(vector13.o)
                0x9d01f3a0                __vector_dispatch_13
                0x00000001                ASSERT (((_vector_spacing == 0x0) || (SIZEOF (.vector_13) <= (_vector_spacing << 0x5))), function at exception vector 13 too large)

.vector_14      0x9d01f3c0        0x8
 *(.vector_14)
 .vector_14     0x9d01f3c0        0x8 d:/program files/microchip/xc32/v2.41/bin/bin/../../lib/gcc/pic32mx/4.8.3/../../../../pic32mx/lib\libpic32.a(vector14.o)
                0x9d01f3c0                __vector_dispatch_14
                0x00000001                ASSERT (((_vector_spacing == 0x0) || (SIZEOF (.vector_14) <= (_vector_spacing << 0x5))), function at exception vector 14 too large)

.vector_15      0x9d01f3e0        0x8
 *(.vector_15)
 .vector_15     0x9d01f3e0        0x8 d:/program files/microchip/xc32/v2.41/bin/bin/../../lib/gcc/pic32mx/4.8.3/../../../../pic32mx/lib\libpic32.a(vector15.o)
                0x9d01f3e0                __vector_dispatch_15
                0x00000001                ASSERT (((_vector_spacing == 0x0) || (SIZEOF (.vector_15) <= (_vector_spacing << 0x5))), function at exception vector 15 too large)

.vector_16      0x9d01f400        0x8
 *(.vector_16)
 .vector_16     0x9d01f400        0x8 d:/program files/microchip/xc32/v2.41/bin/bin/../../lib/gcc/pic32mx/4.8.3/../../../../pic32mx/lib\libpic32.a(vector16.o)
                0x9d01f400                __vector_dispatch_16
                0x00000001                ASSERT (((_vector_spacing == 0x0) || (SIZEOF (.vector_16) <= (_vector_spacing << 0x5))), function at exception vector 16 too large)

.vector_17      0x9d01f420        0x8
 *(.vector_17)
 .vector_17     0x9d01f420        0x8 d:/program files/microchip/xc32/v2.41/bin/bin/../../lib/gcc/pic32mx/4.8.3/../../../../pic32mx/lib\libpic32.a(vector17.o)
                0x9d01f420                __vector_dispatch_17
                0x00000001                ASSERT (((_vector_spacing == 0x0) || (SIZEOF (.vector_17) <= (_vector_spacing << 0x5))), function at exception vector 17 too large)

.vector_18      0x9d01f440        0x8
 *(.vector_18)
 .vector_18     0x9d01f440        0x8 d:/program files/microchip/xc32/v2.41/bin/bin/../../lib/gcc/pic32mx/4.8.3/../../../../pic32mx/lib\libpic32.a(vector18.o)
                0x9d01f440                __vector_dispatch_18
                0x00000001                ASSERT (((_vector_spacing == 0x0) || (SIZEOF (.vector_18) <= (_vector_spacing << 0x5))), function at exception vector 18 too large)

.vector_19      0x9d01f460        0x8
 *(.vector_19)
 .vector_19     0x9d01f460        0x8 d:/program files/microchip/xc32/v2.41/bin/bin/../../lib/gcc/pic32mx/4.8.3/../../../../pic32mx/lib\libpic32.a(vector19.o)
                0x9d01f460                __vector_dispatch_19
                0x00000001                ASSERT (((_vector_spacing == 0x0) || (SIZEOF (.vector_19) <= (_vector_spacing << 0x5))), function at exception vector 19 too large)

.vector_20      0x9d01f480        0x8
 *(.vector_20)
 .vector_20     0x9d01f480        0x8 d:/program files/microchip/xc32/v2.41/bin/bin/../../lib/gcc/pic32mx/4.8.3/../../../../pic32mx/lib\libpic32.a(vector20.o)
                0x9d01f480                __vector_dispatch_20
                0x00000001                ASSERT (((_vector_spacing == 0x0) || (SIZEOF (.vector_20) <= (_vector_spacing << 0x5))), function at exception vector 20 too large)

.vector_21      0x9d01f4a0        0x8
 *(.vector_21)
 .vector_21     0x9d01f4a0        0x8 d:/program files/microchip/xc32/v2.41/bin/bin/../../lib/gcc/pic32mx/4.8.3/../../../../pic32mx/lib\libpic32.a(vector21.o)
                0x9d01f4a0                __vector_dispatch_21
                0x00000001                ASSERT (((_vector_spacing == 0x0) || (SIZEOF (.vector_21) <= (_vector_spacing << 0x5))), function at exception vector 21 too large)

.vector_22      0x9d01f4c0        0x8
 *(.vector_22)
 .vector_22     0x9d01f4c0        0x8 d:/program files/microchip/xc32/v2.41/bin/bin/../../lib/gcc/pic32mx/4.8.3/../../../../pic32mx/lib\libpic32.a(vector22.o)
                0x9d01f4c0                __vector_dispatch_22
                0x00000001                ASSERT (((_vector_spacing == 0x0) || (SIZEOF (.vector_22) <= (_vector_spacing << 0x5))), function at exception vector 22 too large)

.vector_23      0x9d01f4e0        0x8
 *(.vector_23)
 .vector_23     0x9d01f4e0        0x8 d:/program files/microchip/xc32/v2.41/bin/bin/../../lib/gcc/pic32mx/4.8.3/../../../../pic32mx/lib\libpic32.a(vector23.o)
                0x9d01f4e0                __vector_dispatch_23
                0x00000001                ASSERT (((_vector_spacing == 0x0) || (SIZEOF (.vector_23) <= (_vector_spacing << 0x5))), function at exception vector 23 too large)

.vector_24      0x9d01f500        0x8
 *(.vector_24)
 .vector_24     0x9d01f500        0x8 d:/program files/microchip/xc32/v2.41/bin/bin/../../lib/gcc/pic32mx/4.8.3/../../../../pic32mx/lib\libpic32.a(vector24.o)
                0x9d01f500                __vector_dispatch_24
                0x00000001                ASSERT (((_vector_spacing == 0x0) || (SIZEOF (.vector_24) <= (_vector_spacing << 0x5))), function at exception vector 24 too large)

.vector_25      0x9d01f520        0x8
 *(.vector_25)
 .vector_25     0x9d01f520        0x8 d:/program files/microchip/xc32/v2.41/bin/bin/../../lib/gcc/pic32mx/4.8.3/../../../../pic32mx/lib\libpic32.a(vector25.o)
                0x9d01f520                __vector_dispatch_25
                0x00000001                ASSERT (((_vector_spacing == 0x0) || (SIZEOF (.vector_25) <= (_vector_spacing << 0x5))), function at exception vector 25 too large)

.vector_26      0x9d01f540        0x8
 *(.vector_26)
 .vector_26     0x9d01f540        0x8 d:/program files/microchip/xc32/v2.41/bin/bin/../../lib/gcc/pic32mx/4.8.3/../../../../pic32mx/lib\libpic32.a(vector26.o)
                0x9d01f540                __vector_dispatch_26
                0x00000001                ASSERT (((_vector_spacing == 0x0) || (SIZEOF (.vector_26) <= (_vector_spacing << 0x5))), function at exception vector 26 too large)

.vector_27      0x9d01f560        0x8
 *(.vector_27)
 .vector_27     0x9d01f560        0x8 d:/program files/microchip/xc32/v2.41/bin/bin/../../lib/gcc/pic32mx/4.8.3/../../../../pic32mx/lib\libpic32.a(vector27.o)
                0x9d01f560                __vector_dispatch_27
                0x00000001                ASSERT (((_vector_spacing == 0x0) || (SIZEOF (.vector_27) <= (_vector_spacing << 0x5))), function at exception vector 27 too large)

.vector_28      0x9d01f580        0x8
 *(.vector_28)
 .vector_28     0x9d01f580        0x8 d:/program files/microchip/xc32/v2.41/bin/bin/../../lib/gcc/pic32mx/4.8.3/../../../../pic32mx/lib\libpic32.a(vector28.o)
                0x9d01f580                __vector_dispatch_28
                0x00000001                ASSERT (((_vector_spacing == 0x0) || (SIZEOF (.vector_28) <= (_vector_spacing << 0x5))), function at exception vector 28 too large)

.vector_29      0x9d01f5a0        0x8
 *(.vector_29)
 .vector_29     0x9d01f5a0        0x8 d:/program files/microchip/xc32/v2.41/bin/bin/../../lib/gcc/pic32mx/4.8.3/../../../../pic32mx/lib\libpic32.a(vector29.o)
                0x9d01f5a0                __vector_dispatch_29
                0x00000001                ASSERT (((_vector_spacing == 0x0) || (SIZEOF (.vector_29) <= (_vector_spacing << 0x5))), function at exception vector 29 too large)

.vector_30      0x9d01f5c0        0x8
 *(.vector_30)
 .vector_30     0x9d01f5c0        0x8 d:/program files/microchip/xc32/v2.41/bin/bin/../../lib/gcc/pic32mx/4.8.3/../../../../pic32mx/lib\libpic32.a(vector30.o)
                0x9d01f5c0                __vector_dispatch_30
                0x00000001                ASSERT (((_vector_spacing == 0x0) || (SIZEOF (.vector_30) <= (_vector_spacing << 0x5))), function at exception vector 30 too large)

.vector_31      0x9d01f5e0        0x8
 *(.vector_31)
 .vector_31     0x9d01f5e0        0x8 d:/program files/microchip/xc32/v2.41/bin/bin/../../lib/gcc/pic32mx/4.8.3/../../../../pic32mx/lib\libpic32.a(vector31.o)
                0x9d01f5e0                __vector_dispatch_31
                0x00000001                ASSERT (((_vector_spacing == 0x0) || (SIZEOF (.vector_31) <= (_vector_spacing << 0x5))), function at exception vector 31 too large)

.vector_32      0x9d01f600        0x8
 *(.vector_32)
 .vector_32     0x9d01f600        0x8 d:/program files/microchip/xc32/v2.41/bin/bin/../../lib/gcc/pic32mx/4.8.3/../../../../pic32mx/lib\libpic32.a(vector32.o)
                0x9d01f600                __vector_dispatch_32
                0x00000001                ASSERT (((_vector_spacing == 0x0) || (SIZEOF (.vector_32) <= (_vector_spacing << 0x5))), function at exception vector 32 too large)

.vector_33      0x9d01f620        0x8
 *(.vector_33)
 .vector_33     0x9d01f620        0x8 d:/program files/microchip/xc32/v2.41/bin/bin/../../lib/gcc/pic32mx/4.8.3/../../../../pic32mx/lib\libpic32.a(vector33.o)
                0x9d01f620                __vector_dispatch_33
                0x00000001                ASSERT (((_vector_spacing == 0x0) || (SIZEOF (.vector_33) <= (_vector_spacing << 0x5))), function at exception vector 33 too large)

.vector_34      0x9d01f640        0x8
 *(.vector_34)
 .vector_34     0x9d01f640        0x8 d:/program files/microchip/xc32/v2.41/bin/bin/../../lib/gcc/pic32mx/4.8.3/../../../../pic32mx/lib\libpic32.a(vector34.o)
                0x9d01f640                __vector_dispatch_34
                0x00000001                ASSERT (((_vector_spacing == 0x0) || (SIZEOF (.vector_34) <= (_vector_spacing << 0x5))), function at exception vector 34 too large)

.vector_35      0x9d01f660        0x8
 *(.vector_35)
 .vector_35     0x9d01f660        0x8 d:/program files/microchip/xc32/v2.41/bin/bin/../../lib/gcc/pic32mx/4.8.3/../../../../pic32mx/lib\libpic32.a(vector35.o)
                0x9d01f660                __vector_dispatch_35
                0x00000001                ASSERT (((_vector_spacing == 0x0) || (SIZEOF (.vector_35) <= (_vector_spacing << 0x5))), function at exception vector 35 too large)

.vector_36      0x9d01f680        0x8
 *(.vector_36)
 .vector_36     0x9d01f680        0x8 d:/program files/microchip/xc32/v2.41/bin/bin/../../lib/gcc/pic32mx/4.8.3/../../../../pic32mx/lib\libpic32.a(vector36.o)
                0x9d01f680                __vector_dispatch_36
                0x00000001                ASSERT (((_vector_spacing == 0x0) || (SIZEOF (.vector_36) <= (_vector_spacing << 0x5))), function at exception vector 36 too large)

.vector_37      0x9d01f6a0        0x8
 *(.vector_37)
 .vector_37     0x9d01f6a0        0x8 d:/program files/microchip/xc32/v2.41/bin/bin/../../lib/gcc/pic32mx/4.8.3/../../../../pic32mx/lib\libpic32.a(vector37.o)
                0x9d01f6a0                __vector_dispatch_37
                0x00000001                ASSERT (((_vector_spacing == 0x0) || (SIZEOF (.vector_37) <= (_vector_spacing << 0x5))), function at exception vector 37 too large)

.vector_38      0x9d01f6c0        0x8
 *(.vector_38)
 .vector_38     0x9d01f6c0        0x8 d:/program files/microchip/xc32/v2.41/bin/bin/../../lib/gcc/pic32mx/4.8.3/../../../../pic32mx/lib\libpic32.a(vector38.o)
                0x9d01f6c0                __vector_dispatch_38
                0x00000001                ASSERT (((_vector_spacing == 0x0) || (SIZEOF (.vector_38) <= (_vector_spacing << 0x5))), function at exception vector 38 too large)

.vector_39      0x9d01f6e0        0x8
 *(.vector_39)
 .vector_39     0x9d01f6e0        0x8 d:/program files/microchip/xc32/v2.41/bin/bin/../../lib/gcc/pic32mx/4.8.3/../../../../pic32mx/lib\libpic32.a(vector39.o)
                0x9d01f6e0                __vector_dispatch_39
                0x00000001                ASSERT (((_vector_spacing == 0x0) || (SIZEOF (.vector_39) <= (_vector_spacing << 0x5))), function at exception vector 39 too large)

.vector_40      0x9d01f700        0x8
 *(.vector_40)
 .vector_40     0x9d01f700        0x8 d:/program files/microchip/xc32/v2.41/bin/bin/../../lib/gcc/pic32mx/4.8.3/../../../../pic32mx/lib\libpic32.a(vector40.o)
                0x9d01f700                __vector_dispatch_40
                0x00000001                ASSERT (((_vector_spacing == 0x0) || (SIZEOF (.vector_40) <= (_vector_spacing << 0x5))), function at exception vector 40 too large)

.vector_41      0x9d01f720        0x8
 *(.vector_41)
 .vector_41     0x9d01f720        0x8 d:/program files/microchip/xc32/v2.41/bin/bin/../../lib/gcc/pic32mx/4.8.3/../../../../pic32mx/lib\libpic32.a(vector41.o)
                0x9d01f720                __vector_dispatch_41
                0x00000001                ASSERT (((_vector_spacing == 0x0) || (SIZEOF (.vector_41) <= (_vector_spacing << 0x5))), function at exception vector 41 too large)

.vector_42      0x9d01f740        0x8
 *(.vector_42)
 .vector_42     0x9d01f740        0x8 d:/program files/microchip/xc32/v2.41/bin/bin/../../lib/gcc/pic32mx/4.8.3/../../../../pic32mx/lib\libpic32.a(vector42.o)
                0x9d01f740                __vector_dispatch_42
                0x00000001                ASSERT (((_vector_spacing == 0x0) || (SIZEOF (.vector_42) <= (_vector_spacing << 0x5))), function at exception vector 42 too large)

.vector_43      0x9d01f760        0x8
 *(.vector_43)
 .vector_43     0x9d01f760        0x8 d:/program files/microchip/xc32/v2.41/bin/bin/../../lib/gcc/pic32mx/4.8.3/../../../../pic32mx/lib\libpic32.a(vector43.o)
                0x9d01f760                __vector_dispatch_43
                0x00000001                ASSERT (((_vector_spacing == 0x0) || (SIZEOF (.vector_43) <= (_vector_spacing << 0x5))), function at exception vector 43 too large)

.vector_44      0x9d01f780        0x0
 *(.vector_44)
                0x00000001                ASSERT (((_vector_spacing == 0x0) || (SIZEOF (.vector_44) <= (_vector_spacing << 0x5))), function at exception vector 44 too large)

.vector_45      0x9d01f7a0        0x0
 *(.vector_45)
                0x00000001                ASSERT (((_vector_spacing == 0x0) || (SIZEOF (.vector_45) <= (_vector_spacing << 0x5))), function at exception vector 45 too large)

.vector_46      0x9d01f7c0        0x0
 *(.vector_46)
                0x00000001                ASSERT (((_vector_spacing == 0x0) || (SIZEOF (.vector_46) <= (_vector_spacing << 0x5))), function at exception vector 46 too large)

.vector_47      0x9d01f7e0        0x0
 *(.vector_47)
                0x00000001                ASSERT (((_vector_spacing == 0x0) || (SIZEOF (.vector_47) <= (_vector_spacing << 0x5))), function at exception vector 47 too large)

.vector_48      0x9d01f800        0x0
 *(.vector_48)
                0x00000001                ASSERT (((_vector_spacing == 0x0) || (SIZEOF (.vector_48) <= (_vector_spacing << 0x5))), function at exception vector 48 too large)

.vector_49      0x9d01f820        0x0
 *(.vector_49)
                0x00000001                ASSERT (((_vector_spacing == 0x0) || (SIZEOF (.vector_49) <= (_vector_spacing << 0x5))), function at exception vector 49 too large)

.vector_50      0x9d01f840        0x0
 *(.vector_50)
                0x00000001                ASSERT (((_vector_spacing == 0x0) || (SIZEOF (.vector_50) <= (_vector_spacing << 0x5))), function at exception vector 50 too large)

.vector_51      0x9d01f860        0x0
 *(.vector_51)
                0x00000001                ASSERT (((_vector_spacing == 0x0) || (SIZEOF (.vector_51) <= (_vector_spacing << 0x5))), function at exception vector 51 too large)

.vector_52      0x9d01f880        0x0
 *(.vector_52)
                0x00000001                ASSERT (((_vector_spacing == 0x0) || (SIZEOF (.vector_52) <= (_vector_spacing << 0x5))), function at exception vector 52 too large)

.vector_53      0x9d01f8a0        0x0
 *(.vector_53)
                0x00000001                ASSERT (((_vector_spacing == 0x0) || (SIZEOF (.vector_53) <= (_vector_spacing << 0x5))), function at exception vector 53 too large)

.vector_54      0x9d01f8c0        0x0
 *(.vector_54)
                0x00000001                ASSERT (((_vector_spacing == 0x0) || (SIZEOF (.vector_54) <= (_vector_spacing << 0x5))), function at exception vector 54 too large)

.vector_55      0x9d01f8e0        0x0
 *(.vector_55)
                0x00000001                ASSERT (((_vector_spacing == 0x0) || (SIZEOF (.vector_55) <= (_vector_spacing << 0x5))), function at exception vector 55 too large)

.vector_56      0x9d01f900        0x0
 *(.vector_56)
                0x00000001                ASSERT (((_vector_spacing == 0x0) || (SIZEOF (.vector_56) <= (_vector_spacing << 0x5))), function at exception vector 56 too large)

.vector_57      0x9d01f920        0x0
 *(.vector_57)
                0x00000001                ASSERT (((_vector_spacing == 0x0) || (SIZEOF (.vector_57) <= (_vector_spacing << 0x5))), function at exception vector 57 too large)

.vector_58      0x9d01f940        0x0
 *(.vector_58)
                0x00000001                ASSERT (((_vector_spacing == 0x0) || (SIZEOF (.vector_58) <= (_vector_spacing << 0x5))), function at exception vector 58 too large)

.vector_59      0x9d01f960        0x0
 *(.vector_59)
                0x00000001                ASSERT (((_vector_spacing == 0x0) || (SIZEOF (.vector_59) <= (_vector_spacing << 0x5))), function at exception vector 59 too large)

.vector_60      0x9d01f980        0x0
 *(.vector_60)
                0x00000001                ASSERT (((_vector_spacing == 0x0) || (SIZEOF (.vector_60) <= (_vector_spacing << 0x5))), function at exception vector 60 too large)

.vector_61      0x9d01f9a0        0x0
 *(.vector_61)
                0x00000001                ASSERT (((_vector_spacing == 0x0) || (SIZEOF (.vector_61) <= (_vector_spacing << 0x5))), function at exception vector 61 too large)

.vector_62      0x9d01f9c0        0x0
 *(.vector_62)
                0x00000001                ASSERT (((_vector_spacing == 0x0) || (SIZEOF (.vector_62) <= (_vector_spacing << 0x5))), function at exception vector 62 too large)

.vector_63      0x9d01f9e0        0x0
 *(.vector_63)
                0x00000001                ASSERT (((_vector_spacing == 0x0) || (SIZEOF (.vector_63) <= (_vector_spacing << 0x5))), function at exception vector 63 too large)

.startup
 *(.startup)

.text           0x9d000000        0x0
 *(.stub .gnu.linkonce.t.*)
 *(.text.*personality*)
 *(.mips16.fn.*)
 *(.mips16.call.*)
 *(.gnu.warning)
                0x9d000000                . = ALIGN (0x4)

.init           0x9d000000        0x0
 *crti.o(.init)
 *crtbegin.o(.init)
 *(EXCLUDE_FILE(*crtn.o *crtend?.o *crtend.o) .init)
 *crtend.o(.init)
 *crtn.o(.init)
                0x9d000000                . = ALIGN (0x4)

.fini           0x9d000000        0x0
 *(.fini)
                0x9d000000                . = ALIGN (0x4)

.preinit_array  0x9d000000        0x0
                0x9d000000                PROVIDE (__preinit_array_start, .)
 *(.preinit_array)
                0x9d000000                PROVIDE (__preinit_array_end, .)
                0x9d000000                . = ALIGN (0x4)

.init_array     0x9d000000        0x0
                0x9d000000                PROVIDE (__init_array_start, .)
 *(SORT(.init_array.*))
 *(.init_array)
                0x9d000000                PROVIDE (__init_array_end, .)
                0x9d000000                . = ALIGN (0x4)

.fini_array     0x9d000000        0x0
                0x9d000000                PROVIDE (__fini_array_start, .)
 *(SORT(.fini_array.*))
 *(.fini_array)
                0x9d000000                PROVIDE (__fini_array_end, .)
                0x9d000000                . = ALIGN (0x4)

.ctors          0x9d000000        0x0
 *crtbegin.o(.ctors)
 *crtbegin?.o(.ctors)
 *(EXCLUDE_FILE(*crtend?.o *crtend.o) .ctors)
 *(SORT(.ctors.*))
 *(.ctors)
                0x9d000000                . = ALIGN (0x4)

.dtors          0x9d000000        0x0
 *crtbegin.o(.dtors)
 *crtbegin?.o(.dtors)
 *(EXCLUDE_FILE(*crtend?.o *crtend.o) .dtors)
 *(SORT(.dtors.*))
 *(.dtors)
                0x9d000000                . = ALIGN (0x4)

.rodata         0x9d000000        0x0
 *(.gnu.linkonce.r.*)
 *(.rodata1)
                0x9d000000                . = ALIGN (0x4)

.sdata2         0x9fc00490        0x0
 *(.sdata2 .sdata2.* .gnu.linkonce.s2.*)
                0x9fc00490                . = ALIGN (0x4)

.sbss2          0x9fc00490        0x0
 *(.sbss2 .sbss2.* .gnu.linkonce.sb2.*)
                0x9fc00490                . = ALIGN (0x4)

.eh_frame_hdr
 *(.eh_frame_hdr)
                0x9fc00490                . = ALIGN (0x4)

.eh_frame
 *(.eh_frame)
                0x9fc00490                . = ALIGN (0x4)

.gcc_except_table
 *(.gcc_except_table .gcc_except_table.*)
                0x9fc00490                . = ALIGN (0x4)

.dbg_data       0xa0000000        0x0
                0xa0000000                . = (. + DEFINED (_DEBUGGER)?0x200:0x0)

.jcr            0xa0000000        0x0
 *(.jcr)
                0xa0000000                . = ALIGN (0x4)

.eh_frame
 *(.eh_frame)
                0xa0000000                . = ALIGN (0x4)

.gcc_except_table
 *(.gcc_except_table .gcc_except_table.*)
                0xa0000000                . = ALIGN (0x4)

.persist        0xa0000000        0x0
                0xa0000000                _persist_begin = .
 *(.persist .persist.*)
 *(.pbss .pbss.*)
                0xa0000000                . = ALIGN (0x4)
                0xa0000000                _persist_end = .

.data           0xa0000000        0x0
 *(.gnu.linkonce.d.*)
 *(.data1)
                0xa0000000                . = ALIGN (0x4)
                0xa0000000                . = .
                0xa0007ff0                _gp = (ALIGN (0x10) + 0x7ff0)

.got            0xa0000000        0x0
 *(.got.plt)
 *(.got)
                0xa0000000                . = ALIGN (0x4)

.sdata          0xa0000000        0x4
                0xa0000000                _sdata_begin = .
 *(.sdata .sdata.* .gnu.linkonce.s.*)
 .sdata         0xa0000000        0x1 build/default/production/dds_test.o
                0xa0000000                dds_pd
                0xa0000004                . = ALIGN (0x4)
 *fill*         0xa0000001        0x3 
                0xa0000004                _sdata_end = .

.lit8
 *(.lit8)

.lit4
 *(.lit4)
                0xa0000004                . = ALIGN (0x4)
                0xa0000004                _data_end = .
                0xa0000004                _bss_begin = .

.sbss           0xa0000004       0x1c
                0xa0000004                _sbss_begin = .
 *(.dynsbss)
 *(.sbss .sbss.* .gnu.linkonce.sb.*)
 .sbss          0xa0000004        0x4 build/default/production/dds_fsm.o
 .sbss          0xa0000008       0x14 build/default/production/ztimer.o
 *(.scommon)
 .scommon       0xa000001c        0x1 build/default/production/dds_fsm.o
                0xa000001c                counter
                0xa000001d                _sbss_end = .
                0xa0000020                . = ALIGN (0x4)
 *fill*         0xa000001d        0x3 

.bss            0xa0000020      0x100
 *(.dynbss)
 *(COMMON)
 COMMON         0xa0000020      0x100 build/default/production/dds_fsm.o
                0xa0000020                triangleTable
                0xa00000a0                sineTable
                0xa0000120                . = ALIGN ((. != 0x0)?0x4:0x1)
                0xa0000120                . = ALIGN (0x4)
                0xa0000120                _end = .
                0xa0000120                _bss_end = .
                0x00008000                _bmxdudba_address = 0x8000
                0x00008000                _bmxdupba_address = 0x8000

/DISCARD/
 *(.pdr)
 *(.rel.dyn)
 *(.note.GNU-stack)
 *(.note.GNU-stack)
 *(.gnu_debuglink)
 *(.gnu.lto_*)
 *(.discard)

.gptab.sdata
 *(.gptab.data)
 *(.gptab.sdata)

.gptab.sbss
 *(.gptab.bss)
 *(.gptab.sbss)

.mdebug.abi32   0xa0000120        0x0
 *(.mdebug.abi32)
 .mdebug.abi32  0xa0000120        0x0 build/default/production/dac4822.o
 .mdebug.abi32  0xa0000120        0x0 build/default/production/dds_test.o
 .mdebug.abi32  0xa0000120        0x0 build/default/production/timer1.o
 .mdebug.abi32  0xa0000120        0x0 build/default/production/dds_fsm.o
 .mdebug.abi32  0xa0000120        0x0 build/default/production/ztimer.o
 .mdebug.abi32  0xa0000120        0x0 d:/program files/microchip/xc32/v2.41/bin/bin/../../lib/gcc/pic32mx/4.8.3/../../../../pic32mx/lib\libmchp_peripheral_32MX250F128B.a(int_disable_interrupts_lib.o)
 .mdebug.abi32  0xa0000120        0x0 d:/program files/microchip/xc32/v2.41/bin/bin/../../lib/gcc/pic32mx/4.8.3/../../../../pic32mx/lib\libmchp_peripheral_32MX250F128B.a(int_restore_interrupts_lib.o)
 .mdebug.abi32  0xa0000120        0x0 d:/program files/microchip/xc32/v2.41/bin/bin/../../lib/gcc/pic32mx/4.8.3/../../../../pic32mx/lib\libmchp_peripheral_32MX250F128B.a(int_enable_sv_int_lib.o)
 .mdebug.abi32  0xa0000120        0x0 d:/program files/microchip/xc32/v2.41/bin/bin/../../lib/gcc/pic32mx/4.8.3/../../../../pic32mx/lib\libmchp_peripheral_32MX250F128B.a(spi_chn_open_lib.o)
 .mdebug.abi32  0xa0000120        0x0 d:/program files/microchip/xc32/v2.41/bin/bin/../../lib/gcc/pic32mx/4.8.3/../../../../pic32mx/lib\libmchp_peripheral_32MX250F128B.a(spi_map_tbl_libp.o)
 .mdebug.abi32  0xa0000120        0x0 d:/program files/microchip/xc32/v2.41/bin/bin/../../lib/gcc/pic32mx/4.8.3/../../../../pic32mx/lib\libmchp_peripheral_32MX250F128B.a(int_enable_interrupts_lib.o)
 .mdebug.abi32  0xa0000120        0x0 d:/program files/microchip/xc32/v2.41/bin/bin/../../lib/gcc/pic32mx/4.8.3/../../../../pic32mx/lib\libmchp_peripheral_32MX250F128B.a(int_tbl_lib.o)
 .mdebug.abi32  0xa0000120        0x0 d:/program files/microchip/xc32/v2.41/bin/bin/../../lib/gcc/pic32mx/4.8.3\libgcc.a(floatunsisf.o)
 .mdebug.abi32  0xa0000120        0x0 d:/program files/microchip/xc32/v2.41/bin/bin/../../lib/gcc/pic32mx/4.8.3/../../../../pic32mx/lib\libpic32.a(default-bootstrap-exception-handler.o)
 .mdebug.abi32  0xa0000120        0x0 d:/program files/microchip/xc32/v2.41/bin/bin/../../lib/gcc/pic32mx/4.8.3/../../../../pic32mx/lib\libpic32.a(default-on-reset.o)
 .mdebug.abi32  0xa0000120        0x0 d:/program files/microchip/xc32/v2.41/bin/bin/../../lib/gcc/pic32mx/4.8.3/../../../../pic32mx/lib\libpic32.a(default-on-bootstrap.o)
 .mdebug.abi32  0xa0000120        0x0 d:/program files/microchip/xc32/v2.41/bin/bin/../../lib/gcc/pic32mx/4.8.3/../../../../pic32mx/lib\libpic32.a(default-general-exception-handler.o)
 .mdebug.abi32  0xa0000120        0x0 d:/program files/microchip/xc32/v2.41/bin/bin/../../lib/gcc/pic32mx/4.8.3/../../../../pic32mx/lib\libpic32.a(defaultinterrupt.o)

.mdebug.abiN32
 *(.mdebug.abiN32)

.mdebug.abi64
 *(.mdebug.abi64)

.mdebug.abiO64
 *(.mdebug.abiO64)

.mdebug.eabi32
 *(.mdebug.eabi32)

.mdebug.eabi64
 *(.mdebug.eabi64)

.gcc_compiled_long32
 *(.gcc_compiled_long32)

.gcc_compiled_long64
 *(.gcc_compiled_long64)

.stab
 *(.stab)

.stabstr
 *(.stabstr)

.stab.excl
 *(.stab.excl)

.stab.exclstr
 *(.stab.exclstr)

.stab.index
 *(.stab.index)

.stab.indexstr
 *(.stab.indexstr)

.comment        0x00000000       0x78
 *(.comment)
 .comment       0x00000000       0x3c build/default/production/dac4822.o
                                 0x3d (size before relaxing)
 .comment       0x00000000       0x3d build/default/production/dds_test.o
 .comment       0x00000000       0x3d build/default/production/timer1.o
 .comment       0x00000000       0x3d build/default/production/dds_fsm.o
 .comment       0x00000000       0x3d build/default/production/ztimer.o
 .comment       0x0000003c       0x3c d:/program files/microchip/xc32/v2.41/bin/bin/../../lib/gcc/pic32mx/4.8.3/../../../../pic32mx/lib\libmchp_peripheral_32MX250F128B.a(int_disable_interrupts_lib.o)
                                 0x3d (size before relaxing)
 .comment       0x00000000       0x3d d:/program files/microchip/xc32/v2.41/bin/bin/../../lib/gcc/pic32mx/4.8.3/../../../../pic32mx/lib\libmchp_peripheral_32MX250F128B.a(int_restore_interrupts_lib.o)
 .comment       0x00000000       0x3d d:/program files/microchip/xc32/v2.41/bin/bin/../../lib/gcc/pic32mx/4.8.3/../../../../pic32mx/lib\libmchp_peripheral_32MX250F128B.a(int_enable_sv_int_lib.o)
 .comment       0x00000000       0x3d d:/program files/microchip/xc32/v2.41/bin/bin/../../lib/gcc/pic32mx/4.8.3/../../../../pic32mx/lib\libmchp_peripheral_32MX250F128B.a(spi_chn_open_lib.o)
 .comment       0x00000000       0x3d d:/program files/microchip/xc32/v2.41/bin/bin/../../lib/gcc/pic32mx/4.8.3/../../../../pic32mx/lib\libmchp_peripheral_32MX250F128B.a(spi_map_tbl_libp.o)
 .comment       0x00000000       0x3d d:/program files/microchip/xc32/v2.41/bin/bin/../../lib/gcc/pic32mx/4.8.3/../../../../pic32mx/lib\libmchp_peripheral_32MX250F128B.a(int_enable_interrupts_lib.o)
 .comment       0x00000000       0x3d d:/program files/microchip/xc32/v2.41/bin/bin/../../lib/gcc/pic32mx/4.8.3/../../../../pic32mx/lib\libmchp_peripheral_32MX250F128B.a(int_tbl_lib.o)
 .comment       0x00000000       0x3d d:/program files/microchip/xc32/v2.41/bin/bin/../../lib/gcc/pic32mx/4.8.3\libgcc.a(floatunsisf.o)
 .comment       0x00000000       0x3d d:/program files/microchip/xc32/v2.41/bin/bin/../../lib/gcc/pic32mx/4.8.3/../../../../pic32mx/lib\libpic32.a(default-bootstrap-exception-handler.o)
 .comment       0x00000000       0x3d d:/program files/microchip/xc32/v2.41/bin/bin/../../lib/gcc/pic32mx/4.8.3/../../../../pic32mx/lib\libpic32.a(default-on-reset.o)
 .comment       0x00000000       0x3d d:/program files/microchip/xc32/v2.41/bin/bin/../../lib/gcc/pic32mx/4.8.3/../../../../pic32mx/lib\libpic32.a(default-on-bootstrap.o)
 .comment       0x00000000       0x3d d:/program files/microchip/xc32/v2.41/bin/bin/../../lib/gcc/pic32mx/4.8.3/../../../../pic32mx/lib\libpic32.a(default-general-exception-handler.o)
 .comment       0x00000000       0x3d d:/program files/microchip/xc32/v2.41/bin/bin/../../lib/gcc/pic32mx/4.8.3/../../../../pic32mx/lib\libpic32.a(defaultinterrupt.o)

.debug
 *(.debug)

.line
 *(.line)

.debug_srcinfo
 *(.debug_srcinfo)

.debug_sfnames
 *(.debug_sfnames)

.debug_aranges  0x00000000      0x260
 *(.debug_aranges)
 .debug_aranges
                0x00000000       0x20 build/default/production/dac4822.o
 .debug_aranges
                0x00000020       0x20 build/default/production/dds_test.o
 .debug_aranges
                0x00000040       0x20 build/default/production/timer1.o
 .debug_aranges
                0x00000060       0x20 build/default/production/dds_fsm.o
 .debug_aranges
                0x00000080       0x20 build/default/production/ztimer.o
 .debug_aranges
                0x000000a0       0x20 d:/program files/microchip/xc32/v2.41/bin/bin/../../lib/gcc/pic32mx/4.8.3/../../../../pic32mx/lib\libmchp_peripheral_32MX250F128B.a(int_disable_interrupts_lib.o)
 .debug_aranges
                0x000000c0       0x20 d:/program files/microchip/xc32/v2.41/bin/bin/../../lib/gcc/pic32mx/4.8.3/../../../../pic32mx/lib\libmchp_peripheral_32MX250F128B.a(int_restore_interrupts_lib.o)
 .debug_aranges
                0x000000e0       0x20 d:/program files/microchip/xc32/v2.41/bin/bin/../../lib/gcc/pic32mx/4.8.3/../../../../pic32mx/lib\libmchp_peripheral_32MX250F128B.a(int_enable_sv_int_lib.o)
 .debug_aranges
                0x00000100       0x20 d:/program files/microchip/xc32/v2.41/bin/bin/../../lib/gcc/pic32mx/4.8.3/../../../../pic32mx/lib\libmchp_peripheral_32MX250F128B.a(spi_chn_open_lib.o)
 .debug_aranges
                0x00000120       0x20 d:/program files/microchip/xc32/v2.41/bin/bin/../../lib/gcc/pic32mx/4.8.3/../../../../pic32mx/lib\libmchp_peripheral_32MX250F128B.a(int_enable_interrupts_lib.o)
 .debug_aranges
                0x00000140       0x60 d:/program files/microchip/xc32/v2.41/bin/bin/../../lib/gcc/pic32mx/4.8.3/../../../../pic32mx/lib\libmchp_peripheral_32MX250F128B.a(int_tbl_lib.o)
 .debug_aranges
                0x000001a0       0x20 d:/program files/microchip/xc32/v2.41/bin/bin/../../lib/gcc/pic32mx/4.8.3\libgcc.a(floatunsisf.o)
 .debug_aranges
                0x000001c0       0x20 d:/program files/microchip/xc32/v2.41/bin/bin/../../lib/gcc/pic32mx/4.8.3/../../../../pic32mx/lib\libpic32.a(default-bootstrap-exception-handler.o)
 .debug_aranges
                0x000001e0       0x20 d:/program files/microchip/xc32/v2.41/bin/bin/../../lib/gcc/pic32mx/4.8.3/../../../../pic32mx/lib\libpic32.a(default-on-reset.o)
 .debug_aranges
                0x00000200       0x20 d:/program files/microchip/xc32/v2.41/bin/bin/../../lib/gcc/pic32mx/4.8.3/../../../../pic32mx/lib\libpic32.a(default-on-bootstrap.o)
 .debug_aranges
                0x00000220       0x20 d:/program files/microchip/xc32/v2.41/bin/bin/../../lib/gcc/pic32mx/4.8.3/../../../../pic32mx/lib\libpic32.a(default-general-exception-handler.o)
 .debug_aranges
                0x00000240       0x20 d:/program files/microchip/xc32/v2.41/bin/bin/../../lib/gcc/pic32mx/4.8.3/../../../../pic32mx/lib\libpic32.a(defaultinterrupt.o)

.debug_pubnames
 *(.debug_pubnames)

.debug_info     0x00000000     0x5293
 *(.debug_info .gnu.linkonce.wi.*)
 .debug_info    0x00000000     0x15bc build/default/production/dac4822.o
 .debug_info    0x000015bc     0x1143 build/default/production/dds_test.o
 .debug_info    0x000026ff      0x2a7 build/default/production/timer1.o
 .debug_info    0x000029a6      0xeeb build/default/production/dds_fsm.o
 .debug_info    0x00003891      0xf5b build/default/production/ztimer.o
 .debug_info    0x000047ec       0xb4 d:/program files/microchip/xc32/v2.41/bin/bin/../../lib/gcc/pic32mx/4.8.3/../../../../pic32mx/lib\libmchp_peripheral_32MX250F128B.a(int_disable_interrupts_lib.o)
 .debug_info    0x000048a0       0xb4 d:/program files/microchip/xc32/v2.41/bin/bin/../../lib/gcc/pic32mx/4.8.3/../../../../pic32mx/lib\libmchp_peripheral_32MX250F128B.a(int_restore_interrupts_lib.o)
 .debug_info    0x00004954       0xbb d:/program files/microchip/xc32/v2.41/bin/bin/../../lib/gcc/pic32mx/4.8.3/../../../../pic32mx/lib\libmchp_peripheral_32MX250F128B.a(int_enable_sv_int_lib.o)
 .debug_info    0x00004a0f       0xa0 d:/program files/microchip/xc32/v2.41/bin/bin/../../lib/gcc/pic32mx/4.8.3/../../../../pic32mx/lib\libmchp_peripheral_32MX250F128B.a(spi_chn_open_lib.o)
 .debug_info    0x00004aaf       0xb2 d:/program files/microchip/xc32/v2.41/bin/bin/../../lib/gcc/pic32mx/4.8.3/../../../../pic32mx/lib\libmchp_peripheral_32MX250F128B.a(int_enable_interrupts_lib.o)
 .debug_info    0x00004b61      0x19c d:/program files/microchip/xc32/v2.41/bin/bin/../../lib/gcc/pic32mx/4.8.3/../../../../pic32mx/lib\libmchp_peripheral_32MX250F128B.a(int_tbl_lib.o)
 .debug_info    0x00004cfd      0x129 d:/program files/microchip/xc32/v2.41/bin/bin/../../lib/gcc/pic32mx/4.8.3\libgcc.a(floatunsisf.o)
 .debug_info    0x00004e26       0xf4 d:/program files/microchip/xc32/v2.41/bin/bin/../../lib/gcc/pic32mx/4.8.3/../../../../pic32mx/lib\libpic32.a(default-bootstrap-exception-handler.o)
 .debug_info    0x00004f1a       0xcd d:/program files/microchip/xc32/v2.41/bin/bin/../../lib/gcc/pic32mx/4.8.3/../../../../pic32mx/lib\libpic32.a(default-on-reset.o)
 .debug_info    0x00004fe7       0xd5 d:/program files/microchip/xc32/v2.41/bin/bin/../../lib/gcc/pic32mx/4.8.3/../../../../pic32mx/lib\libpic32.a(default-on-bootstrap.o)
 .debug_info    0x000050bc       0xf0 d:/program files/microchip/xc32/v2.41/bin/bin/../../lib/gcc/pic32mx/4.8.3/../../../../pic32mx/lib\libpic32.a(default-general-exception-handler.o)
 .debug_info    0x000051ac       0xe7 d:/program files/microchip/xc32/v2.41/bin/bin/../../lib/gcc/pic32mx/4.8.3/../../../../pic32mx/lib\libpic32.a(defaultinterrupt.o)

.debug_abbrev   0x00000000      0xa6f
 *(.debug_abbrev)
 .debug_abbrev  0x00000000      0x188 build/default/production/dac4822.o
 .debug_abbrev  0x00000188      0x25f build/default/production/dds_test.o
 .debug_abbrev  0x000003e7       0xe9 build/default/production/timer1.o
 .debug_abbrev  0x000004d0      0x1d5 build/default/production/dds_fsm.o
 .debug_abbrev  0x000006a5      0x1b0 build/default/production/ztimer.o
 .debug_abbrev  0x00000855       0x28 d:/program files/microchip/xc32/v2.41/bin/bin/../../lib/gcc/pic32mx/4.8.3/../../../../pic32mx/lib\libmchp_peripheral_32MX250F128B.a(int_disable_interrupts_lib.o)
 .debug_abbrev  0x0000087d       0x28 d:/program files/microchip/xc32/v2.41/bin/bin/../../lib/gcc/pic32mx/4.8.3/../../../../pic32mx/lib\libmchp_peripheral_32MX250F128B.a(int_restore_interrupts_lib.o)
 .debug_abbrev  0x000008a5       0x28 d:/program files/microchip/xc32/v2.41/bin/bin/../../lib/gcc/pic32mx/4.8.3/../../../../pic32mx/lib\libmchp_peripheral_32MX250F128B.a(int_enable_sv_int_lib.o)
 .debug_abbrev  0x000008cd       0x28 d:/program files/microchip/xc32/v2.41/bin/bin/../../lib/gcc/pic32mx/4.8.3/../../../../pic32mx/lib\libmchp_peripheral_32MX250F128B.a(spi_chn_open_lib.o)
 .debug_abbrev  0x000008f5       0x28 d:/program files/microchip/xc32/v2.41/bin/bin/../../lib/gcc/pic32mx/4.8.3/../../../../pic32mx/lib\libmchp_peripheral_32MX250F128B.a(int_enable_interrupts_lib.o)
 .debug_abbrev  0x0000091d       0x28 d:/program files/microchip/xc32/v2.41/bin/bin/../../lib/gcc/pic32mx/4.8.3/../../../../pic32mx/lib\libmchp_peripheral_32MX250F128B.a(int_tbl_lib.o)
 .debug_abbrev  0x00000945       0x62 d:/program files/microchip/xc32/v2.41/bin/bin/../../lib/gcc/pic32mx/4.8.3\libgcc.a(floatunsisf.o)
 .debug_abbrev  0x000009a7       0x28 d:/program files/microchip/xc32/v2.41/bin/bin/../../lib/gcc/pic32mx/4.8.3/../../../../pic32mx/lib\libpic32.a(default-bootstrap-exception-handler.o)
 .debug_abbrev  0x000009cf       0x28 d:/program files/microchip/xc32/v2.41/bin/bin/../../lib/gcc/pic32mx/4.8.3/../../../../pic32mx/lib\libpic32.a(default-on-reset.o)
 .debug_abbrev  0x000009f7       0x28 d:/program files/microchip/xc32/v2.41/bin/bin/../../lib/gcc/pic32mx/4.8.3/../../../../pic32mx/lib\libpic32.a(default-on-bootstrap.o)
 .debug_abbrev  0x00000a1f       0x28 d:/program files/microchip/xc32/v2.41/bin/bin/../../lib/gcc/pic32mx/4.8.3/../../../../pic32mx/lib\libpic32.a(default-general-exception-handler.o)
 .debug_abbrev  0x00000a47       0x28 d:/program files/microchip/xc32/v2.41/bin/bin/../../lib/gcc/pic32mx/4.8.3/../../../../pic32mx/lib\libpic32.a(defaultinterrupt.o)

.debug_line     0x00000000      0xfeb
 *(.debug_line)
 .debug_line    0x00000000      0x1fd build/default/production/dac4822.o
 .debug_line    0x000001fd      0x266 build/default/production/dds_test.o
 .debug_line    0x00000463      0x14a build/default/production/timer1.o
 .debug_line    0x000005ad      0x213 build/default/production/dds_fsm.o
 .debug_line    0x000007c0      0x1fd build/default/production/ztimer.o
 .debug_line    0x000009bd       0x70 d:/program files/microchip/xc32/v2.41/bin/bin/../../lib/gcc/pic32mx/4.8.3/../../../../pic32mx/lib\libmchp_peripheral_32MX250F128B.a(int_disable_interrupts_lib.o)
 .debug_line    0x00000a2d       0x70 d:/program files/microchip/xc32/v2.41/bin/bin/../../lib/gcc/pic32mx/4.8.3/../../../../pic32mx/lib\libmchp_peripheral_32MX250F128B.a(int_restore_interrupts_lib.o)
 .debug_line    0x00000a9d       0x6b d:/program files/microchip/xc32/v2.41/bin/bin/../../lib/gcc/pic32mx/4.8.3/../../../../pic32mx/lib\libmchp_peripheral_32MX250F128B.a(int_enable_sv_int_lib.o)
 .debug_line    0x00000b08       0x66 d:/program files/microchip/xc32/v2.41/bin/bin/../../lib/gcc/pic32mx/4.8.3/../../../../pic32mx/lib\libmchp_peripheral_32MX250F128B.a(spi_chn_open_lib.o)
 .debug_line    0x00000b6e        0x0 d:/program files/microchip/xc32/v2.41/bin/bin/../../lib/gcc/pic32mx/4.8.3/../../../../pic32mx/lib\libmchp_peripheral_32MX250F128B.a(spi_map_tbl_libp.o)
 .debug_line    0x00000b6e       0x6f d:/program files/microchip/xc32/v2.41/bin/bin/../../lib/gcc/pic32mx/4.8.3/../../../../pic32mx/lib\libmchp_peripheral_32MX250F128B.a(int_enable_interrupts_lib.o)
 .debug_line    0x00000bdd       0x61 d:/program files/microchip/xc32/v2.41/bin/bin/../../lib/gcc/pic32mx/4.8.3/../../../../pic32mx/lib\libmchp_peripheral_32MX250F128B.a(int_tbl_lib.o)
 .debug_line    0x00000c3e       0x94 d:/program files/microchip/xc32/v2.41/bin/bin/../../lib/gcc/pic32mx/4.8.3\libgcc.a(floatunsisf.o)
 .debug_line    0x00000cd2       0xa6 d:/program files/microchip/xc32/v2.41/bin/bin/../../lib/gcc/pic32mx/4.8.3/../../../../pic32mx/lib\libpic32.a(default-bootstrap-exception-handler.o)
 .debug_line    0x00000d78       0x93 d:/program files/microchip/xc32/v2.41/bin/bin/../../lib/gcc/pic32mx/4.8.3/../../../../pic32mx/lib\libpic32.a(default-on-reset.o)
 .debug_line    0x00000e0b       0x97 d:/program files/microchip/xc32/v2.41/bin/bin/../../lib/gcc/pic32mx/4.8.3/../../../../pic32mx/lib\libpic32.a(default-on-bootstrap.o)
 .debug_line    0x00000ea2       0xa4 d:/program files/microchip/xc32/v2.41/bin/bin/../../lib/gcc/pic32mx/4.8.3/../../../../pic32mx/lib\libpic32.a(default-general-exception-handler.o)
 .debug_line    0x00000f46       0xa5 d:/program files/microchip/xc32/v2.41/bin/bin/../../lib/gcc/pic32mx/4.8.3/../../../../pic32mx/lib\libpic32.a(defaultinterrupt.o)

.debug_frame    0x00000000      0x4cc
 *(.debug_frame)
 .debug_frame   0x00000000       0x54 build/default/production/dac4822.o
 .debug_frame   0x00000054       0x2c build/default/production/dds_test.o
 .debug_frame   0x00000080       0xb8 build/default/production/timer1.o
 .debug_frame   0x00000138       0x7c build/default/production/dds_fsm.o
 .debug_frame   0x000001b4       0xd8 build/default/production/ztimer.o
 .debug_frame   0x0000028c       0x20 d:/program files/microchip/xc32/v2.41/bin/bin/../../lib/gcc/pic32mx/4.8.3/../../../../pic32mx/lib\libmchp_peripheral_32MX250F128B.a(int_disable_interrupts_lib.o)
 .debug_frame   0x000002ac       0x20 d:/program files/microchip/xc32/v2.41/bin/bin/../../lib/gcc/pic32mx/4.8.3/../../../../pic32mx/lib\libmchp_peripheral_32MX250F128B.a(int_restore_interrupts_lib.o)
 .debug_frame   0x000002cc       0x28 d:/program files/microchip/xc32/v2.41/bin/bin/../../lib/gcc/pic32mx/4.8.3/../../../../pic32mx/lib\libmchp_peripheral_32MX250F128B.a(int_enable_sv_int_lib.o)
 .debug_frame   0x000002f4       0x30 d:/program files/microchip/xc32/v2.41/bin/bin/../../lib/gcc/pic32mx/4.8.3/../../../../pic32mx/lib\libmchp_peripheral_32MX250F128B.a(spi_chn_open_lib.o)
 .debug_frame   0x00000324       0x20 d:/program files/microchip/xc32/v2.41/bin/bin/../../lib/gcc/pic32mx/4.8.3/../../../../pic32mx/lib\libmchp_peripheral_32MX250F128B.a(int_enable_interrupts_lib.o)
 .debug_frame   0x00000344       0xa0 d:/program files/microchip/xc32/v2.41/bin/bin/../../lib/gcc/pic32mx/4.8.3/../../../../pic32mx/lib\libmchp_peripheral_32MX250F128B.a(int_tbl_lib.o)
 .debug_frame   0x000003e4       0x30 d:/program files/microchip/xc32/v2.41/bin/bin/../../lib/gcc/pic32mx/4.8.3\libgcc.a(floatunsisf.o)
 .debug_frame   0x00000414       0x2c d:/program files/microchip/xc32/v2.41/bin/bin/../../lib/gcc/pic32mx/4.8.3/../../../../pic32mx/lib\libpic32.a(default-bootstrap-exception-handler.o)
 .debug_frame   0x00000440       0x20 d:/program files/microchip/xc32/v2.41/bin/bin/../../lib/gcc/pic32mx/4.8.3/../../../../pic32mx/lib\libpic32.a(default-on-reset.o)
 .debug_frame   0x00000460       0x20 d:/program files/microchip/xc32/v2.41/bin/bin/../../lib/gcc/pic32mx/4.8.3/../../../../pic32mx/lib\libpic32.a(default-on-bootstrap.o)
 .debug_frame   0x00000480       0x2c d:/program files/microchip/xc32/v2.41/bin/bin/../../lib/gcc/pic32mx/4.8.3/../../../../pic32mx/lib\libpic32.a(default-general-exception-handler.o)
 .debug_frame   0x000004ac       0x20 d:/program files/microchip/xc32/v2.41/bin/bin/../../lib/gcc/pic32mx/4.8.3/../../../../pic32mx/lib\libpic32.a(defaultinterrupt.o)

.debug_str      0x00000000       0x3f
 *(.debug_str)
 .debug_str     0x00000000       0x12 build/default/production/dac4822.o
 .debug_str     0x00000012       0x1e build/default/production/dds_test.o
 .debug_str     0x00000030        0x0 build/default/production/timer1.o
 .debug_str     0x00000030        0xf build/default/production/dds_fsm.o
 .debug_str     0x0000003f        0x0 build/default/production/ztimer.o
 .debug_str     0x0000003f        0x0 d:/program files/microchip/xc32/v2.41/bin/bin/../../lib/gcc/pic32mx/4.8.3/../../../../pic32mx/lib\libmchp_peripheral_32MX250F128B.a(int_disable_interrupts_lib.o)
 .debug_str     0x0000003f        0x0 d:/program files/microchip/xc32/v2.41/bin/bin/../../lib/gcc/pic32mx/4.8.3/../../../../pic32mx/lib\libmchp_peripheral_32MX250F128B.a(int_restore_interrupts_lib.o)
 .debug_str     0x0000003f        0x0 d:/program files/microchip/xc32/v2.41/bin/bin/../../lib/gcc/pic32mx/4.8.3/../../../../pic32mx/lib\libmchp_peripheral_32MX250F128B.a(int_enable_sv_int_lib.o)
 .debug_str     0x0000003f        0x0 d:/program files/microchip/xc32/v2.41/bin/bin/../../lib/gcc/pic32mx/4.8.3/../../../../pic32mx/lib\libmchp_peripheral_32MX250F128B.a(spi_chn_open_lib.o)
 .debug_str     0x0000003f        0x0 d:/program files/microchip/xc32/v2.41/bin/bin/../../lib/gcc/pic32mx/4.8.3/../../../../pic32mx/lib\libmchp_peripheral_32MX250F128B.a(spi_map_tbl_libp.o)
 .debug_str     0x0000003f        0x0 d:/program files/microchip/xc32/v2.41/bin/bin/../../lib/gcc/pic32mx/4.8.3/../../../../pic32mx/lib\libmchp_peripheral_32MX250F128B.a(int_enable_interrupts_lib.o)
 .debug_str     0x0000003f        0x0 d:/program files/microchip/xc32/v2.41/bin/bin/../../lib/gcc/pic32mx/4.8.3/../../../../pic32mx/lib\libmchp_peripheral_32MX250F128B.a(int_tbl_lib.o)
 .debug_str     0x0000003f        0x0 d:/program files/microchip/xc32/v2.41/bin/bin/../../lib/gcc/pic32mx/4.8.3\libgcc.a(floatunsisf.o)
 .debug_str     0x0000003f        0x0 d:/program files/microchip/xc32/v2.41/bin/bin/../../lib/gcc/pic32mx/4.8.3/../../../../pic32mx/lib\libpic32.a(default-bootstrap-exception-handler.o)
 .debug_str     0x0000003f        0x0 d:/program files/microchip/xc32/v2.41/bin/bin/../../lib/gcc/pic32mx/4.8.3/../../../../pic32mx/lib\libpic32.a(default-on-reset.o)
 .debug_str     0x0000003f        0x0 d:/program files/microchip/xc32/v2.41/bin/bin/../../lib/gcc/pic32mx/4.8.3/../../../../pic32mx/lib\libpic32.a(default-on-bootstrap.o)
 .debug_str     0x0000003f        0x0 d:/program files/microchip/xc32/v2.41/bin/bin/../../lib/gcc/pic32mx/4.8.3/../../../../pic32mx/lib\libpic32.a(default-general-exception-handler.o)
 .debug_str     0x0000003f        0x0 d:/program files/microchip/xc32/v2.41/bin/bin/../../lib/gcc/pic32mx/4.8.3/../../../../pic32mx/lib\libpic32.a(defaultinterrupt.o)

.debug_loc      0x00000000       0xcc
 *(.debug_loc)
 .debug_loc     0x00000000       0x74 d:/program files/microchip/xc32/v2.41/bin/bin/../../lib/gcc/pic32mx/4.8.3\libgcc.a(floatunsisf.o)
 .debug_loc     0x00000074       0x2c d:/program files/microchip/xc32/v2.41/bin/bin/../../lib/gcc/pic32mx/4.8.3/../../../../pic32mx/lib\libpic32.a(default-bootstrap-exception-handler.o)
 .debug_loc     0x000000a0       0x2c d:/program files/microchip/xc32/v2.41/bin/bin/../../lib/gcc/pic32mx/4.8.3/../../../../pic32mx/lib\libpic32.a(default-general-exception-handler.o)

.debug_macinfo
 *(.debug_macinfo)

.debug_weaknames
 *(.debug_weaknames)

.debug_funcnames
 *(.debug_funcnames)

.debug_typenames
 *(.debug_typenames)

.debug_varnames
 *(.debug_varnames)

.debug_pubtypes
 *(.debug_pubtypes)

.debug_ranges   0x00000000       0xf0
 *(.debug_ranges)
 .debug_ranges  0x00000000       0x10 d:/program files/microchip/xc32/v2.41/bin/bin/../../lib/gcc/pic32mx/4.8.3/../../../../pic32mx/lib\libmchp_peripheral_32MX250F128B.a(int_disable_interrupts_lib.o)
 .debug_ranges  0x00000010       0x10 d:/program files/microchip/xc32/v2.41/bin/bin/../../lib/gcc/pic32mx/4.8.3/../../../../pic32mx/lib\libmchp_peripheral_32MX250F128B.a(int_restore_interrupts_lib.o)
 .debug_ranges  0x00000020       0x10 d:/program files/microchip/xc32/v2.41/bin/bin/../../lib/gcc/pic32mx/4.8.3/../../../../pic32mx/lib\libmchp_peripheral_32MX250F128B.a(int_enable_sv_int_lib.o)
 .debug_ranges  0x00000030       0x10 d:/program files/microchip/xc32/v2.41/bin/bin/../../lib/gcc/pic32mx/4.8.3/../../../../pic32mx/lib\libmchp_peripheral_32MX250F128B.a(spi_chn_open_lib.o)
 .debug_ranges  0x00000040       0x10 d:/program files/microchip/xc32/v2.41/bin/bin/../../lib/gcc/pic32mx/4.8.3/../../../../pic32mx/lib\libmchp_peripheral_32MX250F128B.a(int_enable_interrupts_lib.o)
 .debug_ranges  0x00000050       0x50 d:/program files/microchip/xc32/v2.41/bin/bin/../../lib/gcc/pic32mx/4.8.3/../../../../pic32mx/lib\libmchp_peripheral_32MX250F128B.a(int_tbl_lib.o)
 .debug_ranges  0x000000a0       0x10 d:/program files/microchip/xc32/v2.41/bin/bin/../../lib/gcc/pic32mx/4.8.3/../../../../pic32mx/lib\libpic32.a(default-bootstrap-exception-handler.o)
 .debug_ranges  0x000000b0       0x10 d:/program files/microchip/xc32/v2.41/bin/bin/../../lib/gcc/pic32mx/4.8.3/../../../../pic32mx/lib\libpic32.a(default-on-reset.o)
 .debug_ranges  0x000000c0       0x10 d:/program files/microchip/xc32/v2.41/bin/bin/../../lib/gcc/pic32mx/4.8.3/../../../../pic32mx/lib\libpic32.a(default-on-bootstrap.o)
 .debug_ranges  0x000000d0       0x10 d:/program files/microchip/xc32/v2.41/bin/bin/../../lib/gcc/pic32mx/4.8.3/../../../../pic32mx/lib\libpic32.a(default-general-exception-handler.o)
 .debug_ranges  0x000000e0       0x10 d:/program files/microchip/xc32/v2.41/bin/bin/../../lib/gcc/pic32mx/4.8.3/../../../../pic32mx/lib\libpic32.a(defaultinterrupt.o)

.gnu.attributes
                0x00000000       0x10
 *(.gnu.attributes)
 .gnu.attributes
                0x00000000       0x10 build/default/production/dac4822.o
 .gnu.attributes
                0x00000010       0x10 build/default/production/dds_test.o
 .gnu.attributes
                0x00000020       0x10 build/default/production/timer1.o
 .gnu.attributes
                0x00000030       0x10 build/default/production/dds_fsm.o
 .gnu.attributes
                0x00000040       0x10 build/default/production/ztimer.o
 .gnu.attributes
                0x00000050       0x10 d:/program files/microchip/xc32/v2.41/bin/bin/../../lib/gcc/pic32mx/4.8.3/../../../../pic32mx/lib\libmchp_peripheral_32MX250F128B.a(int_disable_interrupts_lib.o)
 .gnu.attributes
                0x00000060       0x10 d:/program files/microchip/xc32/v2.41/bin/bin/../../lib/gcc/pic32mx/4.8.3/../../../../pic32mx/lib\libmchp_peripheral_32MX250F128B.a(int_restore_interrupts_lib.o)
 .gnu.attributes
                0x00000070       0x10 d:/program files/microchip/xc32/v2.41/bin/bin/../../lib/gcc/pic32mx/4.8.3/../../../../pic32mx/lib\libmchp_peripheral_32MX250F128B.a(int_enable_sv_int_lib.o)
 .gnu.attributes
                0x00000080       0x10 d:/program files/microchip/xc32/v2.41/bin/bin/../../lib/gcc/pic32mx/4.8.3/../../../../pic32mx/lib\libmchp_peripheral_32MX250F128B.a(spi_chn_open_lib.o)
 .gnu.attributes
                0x00000090       0x10 d:/program files/microchip/xc32/v2.41/bin/bin/../../lib/gcc/pic32mx/4.8.3/../../../../pic32mx/lib\libmchp_peripheral_32MX250F128B.a(spi_map_tbl_libp.o)
 .gnu.attributes
                0x000000a0       0x10 d:/program files/microchip/xc32/v2.41/bin/bin/../../lib/gcc/pic32mx/4.8.3/../../../../pic32mx/lib\libmchp_peripheral_32MX250F128B.a(int_enable_interrupts_lib.o)
 .gnu.attributes
                0x000000b0       0x10 d:/program files/microchip/xc32/v2.41/bin/bin/../../lib/gcc/pic32mx/4.8.3/../../../../pic32mx/lib\libmchp_peripheral_32MX250F128B.a(int_tbl_lib.o)
 .gnu.attributes
                0x000000c0       0x10 d:/program files/microchip/xc32/v2.41/bin/bin/../../lib/gcc/pic32mx/4.8.3\libgcc.a(floatunsisf.o)
 .gnu.attributes
                0x000000d0       0x10 d:/program files/microchip/xc32/v2.41/bin/bin/../../lib/gcc/pic32mx/4.8.3/../../../../pic32mx/lib\libpic32.a(default-bootstrap-exception-handler.o)
 .gnu.attributes
                0x000000e0       0x10 d:/program files/microchip/xc32/v2.41/bin/bin/../../lib/gcc/pic32mx/4.8.3/../../../../pic32mx/lib\libpic32.a(default-on-reset.o)
 .gnu.attributes
                0x000000f0       0x10 d:/program files/microchip/xc32/v2.41/bin/bin/../../lib/gcc/pic32mx/4.8.3/../../../../pic32mx/lib\libpic32.a(default-on-bootstrap.o)
 .gnu.attributes
                0x00000100       0x10 d:/program files/microchip/xc32/v2.41/bin/bin/../../lib/gcc/pic32mx/4.8.3/../../../../pic32mx/lib\libpic32.a(default-general-exception-handler.o)
 .gnu.attributes
                0x00000110       0x10 d:/program files/microchip/xc32/v2.41/bin/bin/../../lib/gcc/pic32mx/4.8.3/../../../../pic32mx/lib\libpic32.a(defaultinterrupt.o)
LOAD d:/program files/microchip/xc32/v2.41/bin/bin/../../lib/gcc/pic32mx/4.8.3\libgcc.a
START GROUP
LOAD d:/program files/microchip/xc32/v2.41/bin/bin/../../lib/gcc/pic32mx/4.8.3/../../../../pic32mx/lib\libpic32.a
LOAD d:/program files/microchip/xc32/v2.41/bin/bin/../../lib/gcc/pic32mx/4.8.3/../../../../pic32mx/lib\libdebug.a
LOAD d:/program files/microchip/xc32/v2.41/bin/bin/../../lib/gcc/pic32mx/4.8.3/../../../../pic32mx/lib\libpic32.a
LOAD d:/program files/microchip/xc32/v2.41/bin/bin/../../lib/gcc/pic32mx/4.8.3/../../../../pic32mx/lib\liblega-c.a
LOAD d:/program files/microchip/xc32/v2.41/bin/bin/../../lib/gcc/pic32mx/4.8.3/../../../../pic32mx/lib\libm.a
LOAD d:/program files/microchip/xc32/v2.41/bin/bin/../../lib/gcc/pic32mx/4.8.3/../../../../pic32mx/lib\libe.a
LOAD d:/program files/microchip/xc32/v2.41/bin/bin/../../lib/gcc/pic32mx/4.8.3/../../../../pic32mx/lib\libdsp.a
LOAD d:/program files/microchip/xc32/v2.41/bin/bin/../../lib/gcc/pic32mx/4.8.3\libgcc.a
LOAD d:/program files/microchip/xc32/v2.41/bin/bin/../../lib/gcc/pic32mx/4.8.3/../../../../pic32mx/lib\libpic32.a
END GROUP
LOAD d:/program files/microchip/xc32/v2.41/bin/bin/../../lib/gcc/pic32mx/4.8.3\libgcc.a
OUTPUT(dist/default/production/DDS_Isolated.X.production.elf elf32-tradlittlemips)
LOAD stack
LOAD data_init

.reginfo        0x00000000       0x18
 .reginfo       0x00000000       0x18 d:/program files/microchip/xc32/v2.41/bin/bin/../../lib/gcc/pic32mx/4.8.3/../../../../pic32mx/lib\debug-exception-return.o

.stack          0xa00001c0      0x400
 .stack         0xa00001c0      0x400 stack

.data           0xa0000120       0x70
 .data          0xa0000120       0x70 d:/program files/microchip/xc32/v2.41/bin/bin/../../lib/gcc/pic32mx/4.8.3/../../../../pic32mx/lib\libm.a(sincos32.o)
                0xa0000120                sincon
                0xa0000158                coscon

.bss%z1         0x00000000        0x0
 .bss           0x00000000        0x0 d:/program files/microchip/xc32/v2.41/bin/bin/../../lib/gcc/pic32mx/4.8.3/../../../../pic32mx/lib\libm.a(sigmax.o)

.data%z2        0x00000000        0x0
 .data          0x00000000        0x0 d:/program files/microchip/xc32/v2.41/bin/bin/../../lib/gcc/pic32mx/4.8.3/../../../../pic32mx/lib\libm.a(sigmax.o)

.bss%z3         0x00000000        0x0
 .bss           0x00000000        0x0 d:/program files/microchip/xc32/v2.41/bin/bin/../../lib/gcc/pic32mx/4.8.3/../../../../pic32mx/lib\libm.a(reduct32.o)

.data%z4        0x00000000        0x0
 .data          0x00000000        0x0 d:/program files/microchip/xc32/v2.41/bin/bin/../../lib/gcc/pic32mx/4.8.3/../../../../pic32mx/lib\libm.a(reduct32.o)

.bss%z5         0x00000000        0x0
 .bss           0x00000000        0x0 d:/program files/microchip/xc32/v2.41/bin/bin/../../lib/gcc/pic32mx/4.8.3/../../../../pic32mx/lib\libm.a(exmul.o)

.data%z6        0x00000000        0x0
 .data          0x00000000        0x0 d:/program files/microchip/xc32/v2.41/bin/bin/../../lib/gcc/pic32mx/4.8.3/../../../../pic32mx/lib\libm.a(exmul.o)

.bss%z7         0x00000000        0x0
 .bss           0x00000000        0x0 d:/program files/microchip/xc32/v2.41/bin/bin/../../lib/gcc/pic32mx/4.8.3/../../../../pic32mx/lib\libm.a(sitofp.o)

.data%z8        0x00000000        0x0
 .data          0x00000000        0x0 d:/program files/microchip/xc32/v2.41/bin/bin/../../lib/gcc/pic32mx/4.8.3/../../../../pic32mx/lib\libm.a(sitofp.o)

.bss%z9         0x00000000        0x0
 .bss           0x00000000        0x0 d:/program files/microchip/xc32/v2.41/bin/bin/../../lib/gcc/pic32mx/4.8.3/../../../../pic32mx/lib\libm.a(sincos32.o)

.bss%z10        0x00000000        0x0
 .bss           0x00000000        0x0 d:/program files/microchip/xc32/v2.41/bin/bin/../../lib/gcc/pic32mx/4.8.3/../../../../pic32mx/lib\libm.a(sin32.o)

.data%z11       0x00000000        0x0
 .data          0x00000000        0x0 d:/program files/microchip/xc32/v2.41/bin/bin/../../lib/gcc/pic32mx/4.8.3/../../../../pic32mx/lib\libm.a(sin32.o)

.bss%z12        0x00000000        0x0
 .bss           0x00000000        0x0 d:/program files/microchip/xc32/v2.41/bin/bin/../../lib/gcc/pic32mx/4.8.3/../../../../pic32mx/lib\libm.a(fptodp.o)

.data%z13       0x00000000        0x0
 .data          0x00000000        0x0 d:/program files/microchip/xc32/v2.41/bin/bin/../../lib/gcc/pic32mx/4.8.3/../../../../pic32mx/lib\libm.a(fptodp.o)

.bss%z14        0x00000000        0x0
 .bss           0x00000000        0x0 d:/program files/microchip/xc32/v2.41/bin/bin/../../lib/gcc/pic32mx/4.8.3/../../../../pic32mx/lib\libm.a(fp32subadd.o)

.data%z15       0x00000000        0x0
 .data          0x00000000        0x0 d:/program files/microchip/xc32/v2.41/bin/bin/../../lib/gcc/pic32mx/4.8.3/../../../../pic32mx/lib\libm.a(fp32subadd.o)

.bss%z16        0x00000000        0x0
 .bss           0x00000000        0x0 d:/program files/microchip/xc32/v2.41/bin/bin/../../lib/gcc/pic32mx/4.8.3/../../../../pic32mx/lib\libm.a(dptoli.o)

.data%z17       0x00000000        0x0
 .data          0x00000000        0x0 d:/program files/microchip/xc32/v2.41/bin/bin/../../lib/gcc/pic32mx/4.8.3/../../../../pic32mx/lib\libm.a(dptoli.o)

.bss%z18        0x00000000        0x0
 .bss           0x00000000        0x0 d:/program files/microchip/xc32/v2.41/bin/bin/../../lib/gcc/pic32mx/4.8.3/../../../../pic32mx/lib\libm.a(dp32mul.o)

.data%z19       0x00000000        0x0
 .data          0x00000000        0x0 d:/program files/microchip/xc32/v2.41/bin/bin/../../lib/gcc/pic32mx/4.8.3/../../../../pic32mx/lib\libm.a(dp32mul.o)

.bss%z20        0x00000000        0x0
 .bss           0x00000000        0x0 d:/program files/microchip/xc32/v2.41/bin/bin/../../lib/gcc/pic32mx/4.8.3/../../../../pic32mx/lib\libm.a(dp32div.o)

.data%z21       0x00000000        0x0
 .data          0x00000000        0x0 d:/program files/microchip/xc32/v2.41/bin/bin/../../lib/gcc/pic32mx/4.8.3/../../../../pic32mx/lib\libm.a(dp32div.o)

.bss%z22        0x00000000        0x0
 .bss           0x00000000        0x0 d:/program files/microchip/xc32/v2.41/bin/bin/../../lib/gcc/pic32mx/4.8.3/../../../../pic32mx/lib\libpic32.a(defaultinterrupt.o)

.data%z23       0x00000000        0x0
 .data          0x00000000        0x0 d:/program files/microchip/xc32/v2.41/bin/bin/../../lib/gcc/pic32mx/4.8.3/../../../../pic32mx/lib\libpic32.a(defaultinterrupt.o)

.bss%z24        0x00000000        0x0
 .bss           0x00000000        0x0 d:/program files/microchip/xc32/v2.41/bin/bin/../../lib/gcc/pic32mx/4.8.3/../../../../pic32mx/lib\libpic32.a(default-general-exception-handler.o)

.data%z25       0x00000000        0x0
 .data          0x00000000        0x0 d:/program files/microchip/xc32/v2.41/bin/bin/../../lib/gcc/pic32mx/4.8.3/../../../../pic32mx/lib\libpic32.a(default-general-exception-handler.o)

.bss%z26        0x00000000        0x0
 .bss           0x00000000        0x0 d:/program files/microchip/xc32/v2.41/bin/bin/../../lib/gcc/pic32mx/4.8.3/../../../../pic32mx/lib\libpic32.a(vector43.o)

.data%z27       0x00000000        0x0
 .data          0x00000000        0x0 d:/program files/microchip/xc32/v2.41/bin/bin/../../lib/gcc/pic32mx/4.8.3/../../../../pic32mx/lib\libpic32.a(vector43.o)

.bss%z28        0x00000000        0x0
 .bss           0x00000000        0x0 d:/program files/microchip/xc32/v2.41/bin/bin/../../lib/gcc/pic32mx/4.8.3/../../../../pic32mx/lib\libpic32.a(vector42.o)

.data%z29       0x00000000        0x0
 .data          0x00000000        0x0 d:/program files/microchip/xc32/v2.41/bin/bin/../../lib/gcc/pic32mx/4.8.3/../../../../pic32mx/lib\libpic32.a(vector42.o)

.bss%z30        0x00000000        0x0
 .bss           0x00000000        0x0 d:/program files/microchip/xc32/v2.41/bin/bin/../../lib/gcc/pic32mx/4.8.3/../../../../pic32mx/lib\libpic32.a(vector41.o)

.data%z31       0x00000000        0x0
 .data          0x00000000        0x0 d:/program files/microchip/xc32/v2.41/bin/bin/../../lib/gcc/pic32mx/4.8.3/../../../../pic32mx/lib\libpic32.a(vector41.o)

.bss%z32        0x00000000        0x0
 .bss           0x00000000        0x0 d:/program files/microchip/xc32/v2.41/bin/bin/../../lib/gcc/pic32mx/4.8.3/../../../../pic32mx/lib\libpic32.a(vector40.o)

.data%z33       0x00000000        0x0
 .data          0x00000000        0x0 d:/program files/microchip/xc32/v2.41/bin/bin/../../lib/gcc/pic32mx/4.8.3/../../../../pic32mx/lib\libpic32.a(vector40.o)

.bss%z34        0x00000000        0x0
 .bss           0x00000000        0x0 d:/program files/microchip/xc32/v2.41/bin/bin/../../lib/gcc/pic32mx/4.8.3/../../../../pic32mx/lib\libpic32.a(vector39.o)

.data%z35       0x00000000        0x0
 .data          0x00000000        0x0 d:/program files/microchip/xc32/v2.41/bin/bin/../../lib/gcc/pic32mx/4.8.3/../../../../pic32mx/lib\libpic32.a(vector39.o)

.bss%z36        0x00000000        0x0
 .bss           0x00000000        0x0 d:/program files/microchip/xc32/v2.41/bin/bin/../../lib/gcc/pic32mx/4.8.3/../../../../pic32mx/lib\libpic32.a(vector38.o)

.data%z37       0x00000000        0x0
 .data          0x00000000        0x0 d:/program files/microchip/xc32/v2.41/bin/bin/../../lib/gcc/pic32mx/4.8.3/../../../../pic32mx/lib\libpic32.a(vector38.o)

.bss%z38        0x00000000        0x0
 .bss           0x00000000        0x0 d:/program files/microchip/xc32/v2.41/bin/bin/../../lib/gcc/pic32mx/4.8.3/../../../../pic32mx/lib\libpic32.a(vector37.o)

.data%z39       0x00000000        0x0
 .data          0x00000000        0x0 d:/program files/microchip/xc32/v2.41/bin/bin/../../lib/gcc/pic32mx/4.8.3/../../../../pic32mx/lib\libpic32.a(vector37.o)

.bss%z40        0x00000000        0x0
 .bss           0x00000000        0x0 d:/program files/microchip/xc32/v2.41/bin/bin/../../lib/gcc/pic32mx/4.8.3/../../../../pic32mx/lib\libpic32.a(vector36.o)

.data%z41       0x00000000        0x0
 .data          0x00000000        0x0 d:/program files/microchip/xc32/v2.41/bin/bin/../../lib/gcc/pic32mx/4.8.3/../../../../pic32mx/lib\libpic32.a(vector36.o)

.bss%z42        0x00000000        0x0
 .bss           0x00000000        0x0 d:/program files/microchip/xc32/v2.41/bin/bin/../../lib/gcc/pic32mx/4.8.3/../../../../pic32mx/lib\libpic32.a(vector35.o)

.data%z43       0x00000000        0x0
 .data          0x00000000        0x0 d:/program files/microchip/xc32/v2.41/bin/bin/../../lib/gcc/pic32mx/4.8.3/../../../../pic32mx/lib\libpic32.a(vector35.o)

.bss%z44        0x00000000        0x0
 .bss           0x00000000        0x0 d:/program files/microchip/xc32/v2.41/bin/bin/../../lib/gcc/pic32mx/4.8.3/../../../../pic32mx/lib\libpic32.a(vector34.o)

.data%z45       0x00000000        0x0
 .data          0x00000000        0x0 d:/program files/microchip/xc32/v2.41/bin/bin/../../lib/gcc/pic32mx/4.8.3/../../../../pic32mx/lib\libpic32.a(vector34.o)

.bss%z46        0x00000000        0x0
 .bss           0x00000000        0x0 d:/program files/microchip/xc32/v2.41/bin/bin/../../lib/gcc/pic32mx/4.8.3/../../../../pic32mx/lib\libpic32.a(vector33.o)

.data%z47       0x00000000        0x0
 .data          0x00000000        0x0 d:/program files/microchip/xc32/v2.41/bin/bin/../../lib/gcc/pic32mx/4.8.3/../../../../pic32mx/lib\libpic32.a(vector33.o)

.bss%z48        0x00000000        0x0
 .bss           0x00000000        0x0 d:/program files/microchip/xc32/v2.41/bin/bin/../../lib/gcc/pic32mx/4.8.3/../../../../pic32mx/lib\libpic32.a(vector32.o)

.data%z49       0x00000000        0x0
 .data          0x00000000        0x0 d:/program files/microchip/xc32/v2.41/bin/bin/../../lib/gcc/pic32mx/4.8.3/../../../../pic32mx/lib\libpic32.a(vector32.o)

.bss%z50        0x00000000        0x0
 .bss           0x00000000        0x0 d:/program files/microchip/xc32/v2.41/bin/bin/../../lib/gcc/pic32mx/4.8.3/../../../../pic32mx/lib\libpic32.a(vector31.o)

.data%z51       0x00000000        0x0
 .data          0x00000000        0x0 d:/program files/microchip/xc32/v2.41/bin/bin/../../lib/gcc/pic32mx/4.8.3/../../../../pic32mx/lib\libpic32.a(vector31.o)

.bss%z52        0x00000000        0x0
 .bss           0x00000000        0x0 d:/program files/microchip/xc32/v2.41/bin/bin/../../lib/gcc/pic32mx/4.8.3/../../../../pic32mx/lib\libpic32.a(vector30.o)

.data%z53       0x00000000        0x0
 .data          0x00000000        0x0 d:/program files/microchip/xc32/v2.41/bin/bin/../../lib/gcc/pic32mx/4.8.3/../../../../pic32mx/lib\libpic32.a(vector30.o)

.bss%z54        0x00000000        0x0
 .bss           0x00000000        0x0 d:/program files/microchip/xc32/v2.41/bin/bin/../../lib/gcc/pic32mx/4.8.3/../../../../pic32mx/lib\libpic32.a(vector29.o)

.data%z55       0x00000000        0x0
 .data          0x00000000        0x0 d:/program files/microchip/xc32/v2.41/bin/bin/../../lib/gcc/pic32mx/4.8.3/../../../../pic32mx/lib\libpic32.a(vector29.o)

.bss%z56        0x00000000        0x0
 .bss           0x00000000        0x0 d:/program files/microchip/xc32/v2.41/bin/bin/../../lib/gcc/pic32mx/4.8.3/../../../../pic32mx/lib\libpic32.a(vector28.o)

.data%z57       0x00000000        0x0
 .data          0x00000000        0x0 d:/program files/microchip/xc32/v2.41/bin/bin/../../lib/gcc/pic32mx/4.8.3/../../../../pic32mx/lib\libpic32.a(vector28.o)

.bss%z58        0x00000000        0x0
 .bss           0x00000000        0x0 d:/program files/microchip/xc32/v2.41/bin/bin/../../lib/gcc/pic32mx/4.8.3/../../../../pic32mx/lib\libpic32.a(vector27.o)

.data%z59       0x00000000        0x0
 .data          0x00000000        0x0 d:/program files/microchip/xc32/v2.41/bin/bin/../../lib/gcc/pic32mx/4.8.3/../../../../pic32mx/lib\libpic32.a(vector27.o)

.bss%z60        0x00000000        0x0
 .bss           0x00000000        0x0 d:/program files/microchip/xc32/v2.41/bin/bin/../../lib/gcc/pic32mx/4.8.3/../../../../pic32mx/lib\libpic32.a(vector26.o)

.data%z61       0x00000000        0x0
 .data          0x00000000        0x0 d:/program files/microchip/xc32/v2.41/bin/bin/../../lib/gcc/pic32mx/4.8.3/../../../../pic32mx/lib\libpic32.a(vector26.o)

.bss%z62        0x00000000        0x0
 .bss           0x00000000        0x0 d:/program files/microchip/xc32/v2.41/bin/bin/../../lib/gcc/pic32mx/4.8.3/../../../../pic32mx/lib\libpic32.a(vector25.o)

.data%z63       0x00000000        0x0
 .data          0x00000000        0x0 d:/program files/microchip/xc32/v2.41/bin/bin/../../lib/gcc/pic32mx/4.8.3/../../../../pic32mx/lib\libpic32.a(vector25.o)

.bss%z64        0x00000000        0x0
 .bss           0x00000000        0x0 d:/program files/microchip/xc32/v2.41/bin/bin/../../lib/gcc/pic32mx/4.8.3/../../../../pic32mx/lib\libpic32.a(vector24.o)

.data%z65       0x00000000        0x0
 .data          0x00000000        0x0 d:/program files/microchip/xc32/v2.41/bin/bin/../../lib/gcc/pic32mx/4.8.3/../../../../pic32mx/lib\libpic32.a(vector24.o)

.bss%z66        0x00000000        0x0
 .bss           0x00000000        0x0 d:/program files/microchip/xc32/v2.41/bin/bin/../../lib/gcc/pic32mx/4.8.3/../../../../pic32mx/lib\libpic32.a(vector23.o)

.data%z67       0x00000000        0x0
 .data          0x00000000        0x0 d:/program files/microchip/xc32/v2.41/bin/bin/../../lib/gcc/pic32mx/4.8.3/../../../../pic32mx/lib\libpic32.a(vector23.o)

.bss%z68        0x00000000        0x0
 .bss           0x00000000        0x0 d:/program files/microchip/xc32/v2.41/bin/bin/../../lib/gcc/pic32mx/4.8.3/../../../../pic32mx/lib\libpic32.a(vector22.o)

.data%z69       0x00000000        0x0
 .data          0x00000000        0x0 d:/program files/microchip/xc32/v2.41/bin/bin/../../lib/gcc/pic32mx/4.8.3/../../../../pic32mx/lib\libpic32.a(vector22.o)

.bss%z70        0x00000000        0x0
 .bss           0x00000000        0x0 d:/program files/microchip/xc32/v2.41/bin/bin/../../lib/gcc/pic32mx/4.8.3/../../../../pic32mx/lib\libpic32.a(vector21.o)

.data%z71       0x00000000        0x0
 .data          0x00000000        0x0 d:/program files/microchip/xc32/v2.41/bin/bin/../../lib/gcc/pic32mx/4.8.3/../../../../pic32mx/lib\libpic32.a(vector21.o)

.bss%z72        0x00000000        0x0
 .bss           0x00000000        0x0 d:/program files/microchip/xc32/v2.41/bin/bin/../../lib/gcc/pic32mx/4.8.3/../../../../pic32mx/lib\libpic32.a(vector20.o)

.data%z73       0x00000000        0x0
 .data          0x00000000        0x0 d:/program files/microchip/xc32/v2.41/bin/bin/../../lib/gcc/pic32mx/4.8.3/../../../../pic32mx/lib\libpic32.a(vector20.o)

.bss%z74        0x00000000        0x0
 .bss           0x00000000        0x0 d:/program files/microchip/xc32/v2.41/bin/bin/../../lib/gcc/pic32mx/4.8.3/../../../../pic32mx/lib\libpic32.a(vector19.o)

.data%z75       0x00000000        0x0
 .data          0x00000000        0x0 d:/program files/microchip/xc32/v2.41/bin/bin/../../lib/gcc/pic32mx/4.8.3/../../../../pic32mx/lib\libpic32.a(vector19.o)

.bss%z76        0x00000000        0x0
 .bss           0x00000000        0x0 d:/program files/microchip/xc32/v2.41/bin/bin/../../lib/gcc/pic32mx/4.8.3/../../../../pic32mx/lib\libpic32.a(vector18.o)

.data%z77       0x00000000        0x0
 .data          0x00000000        0x0 d:/program files/microchip/xc32/v2.41/bin/bin/../../lib/gcc/pic32mx/4.8.3/../../../../pic32mx/lib\libpic32.a(vector18.o)

.bss%z78        0x00000000        0x0
 .bss           0x00000000        0x0 d:/program files/microchip/xc32/v2.41/bin/bin/../../lib/gcc/pic32mx/4.8.3/../../../../pic32mx/lib\libpic32.a(vector17.o)

.data%z79       0x00000000        0x0
 .data          0x00000000        0x0 d:/program files/microchip/xc32/v2.41/bin/bin/../../lib/gcc/pic32mx/4.8.3/../../../../pic32mx/lib\libpic32.a(vector17.o)

.bss%z80        0x00000000        0x0
 .bss           0x00000000        0x0 d:/program files/microchip/xc32/v2.41/bin/bin/../../lib/gcc/pic32mx/4.8.3/../../../../pic32mx/lib\libpic32.a(vector16.o)

.data%z81       0x00000000        0x0
 .data          0x00000000        0x0 d:/program files/microchip/xc32/v2.41/bin/bin/../../lib/gcc/pic32mx/4.8.3/../../../../pic32mx/lib\libpic32.a(vector16.o)

.bss%z82        0x00000000        0x0
 .bss           0x00000000        0x0 d:/program files/microchip/xc32/v2.41/bin/bin/../../lib/gcc/pic32mx/4.8.3/../../../../pic32mx/lib\libpic32.a(vector15.o)

.data%z83       0x00000000        0x0
 .data          0x00000000        0x0 d:/program files/microchip/xc32/v2.41/bin/bin/../../lib/gcc/pic32mx/4.8.3/../../../../pic32mx/lib\libpic32.a(vector15.o)

.bss%z84        0x00000000        0x0
 .bss           0x00000000        0x0 d:/program files/microchip/xc32/v2.41/bin/bin/../../lib/gcc/pic32mx/4.8.3/../../../../pic32mx/lib\libpic32.a(vector14.o)

.data%z85       0x00000000        0x0
 .data          0x00000000        0x0 d:/program files/microchip/xc32/v2.41/bin/bin/../../lib/gcc/pic32mx/4.8.3/../../../../pic32mx/lib\libpic32.a(vector14.o)

.bss%z86        0x00000000        0x0
 .bss           0x00000000        0x0 d:/program files/microchip/xc32/v2.41/bin/bin/../../lib/gcc/pic32mx/4.8.3/../../../../pic32mx/lib\libpic32.a(vector13.o)

.data%z87       0x00000000        0x0
 .data          0x00000000        0x0 d:/program files/microchip/xc32/v2.41/bin/bin/../../lib/gcc/pic32mx/4.8.3/../../../../pic32mx/lib\libpic32.a(vector13.o)

.bss%z88        0x00000000        0x0
 .bss           0x00000000        0x0 d:/program files/microchip/xc32/v2.41/bin/bin/../../lib/gcc/pic32mx/4.8.3/../../../../pic32mx/lib\libpic32.a(vector12.o)

.data%z89       0x00000000        0x0
 .data          0x00000000        0x0 d:/program files/microchip/xc32/v2.41/bin/bin/../../lib/gcc/pic32mx/4.8.3/../../../../pic32mx/lib\libpic32.a(vector12.o)

.bss%z90        0x00000000        0x0
 .bss           0x00000000        0x0 d:/program files/microchip/xc32/v2.41/bin/bin/../../lib/gcc/pic32mx/4.8.3/../../../../pic32mx/lib\libpic32.a(vector11.o)

.data%z91       0x00000000        0x0
 .data          0x00000000        0x0 d:/program files/microchip/xc32/v2.41/bin/bin/../../lib/gcc/pic32mx/4.8.3/../../../../pic32mx/lib\libpic32.a(vector11.o)

.bss%z92        0x00000000        0x0
 .bss           0x00000000        0x0 d:/program files/microchip/xc32/v2.41/bin/bin/../../lib/gcc/pic32mx/4.8.3/../../../../pic32mx/lib\libpic32.a(vector10.o)

.data%z93       0x00000000        0x0
 .data          0x00000000        0x0 d:/program files/microchip/xc32/v2.41/bin/bin/../../lib/gcc/pic32mx/4.8.3/../../../../pic32mx/lib\libpic32.a(vector10.o)

.bss%z94        0x00000000        0x0
 .bss           0x00000000        0x0 d:/program files/microchip/xc32/v2.41/bin/bin/../../lib/gcc/pic32mx/4.8.3/../../../../pic32mx/lib\libpic32.a(vector9.o)

.data%z95       0x00000000        0x0
 .data          0x00000000        0x0 d:/program files/microchip/xc32/v2.41/bin/bin/../../lib/gcc/pic32mx/4.8.3/../../../../pic32mx/lib\libpic32.a(vector9.o)

.bss%z96        0x00000000        0x0
 .bss           0x00000000        0x0 d:/program files/microchip/xc32/v2.41/bin/bin/../../lib/gcc/pic32mx/4.8.3/../../../../pic32mx/lib\libpic32.a(vector8.o)

.data%z97       0x00000000        0x0
 .data          0x00000000        0x0 d:/program files/microchip/xc32/v2.41/bin/bin/../../lib/gcc/pic32mx/4.8.3/../../../../pic32mx/lib\libpic32.a(vector8.o)

.bss%z98        0x00000000        0x0
 .bss           0x00000000        0x0 d:/program files/microchip/xc32/v2.41/bin/bin/../../lib/gcc/pic32mx/4.8.3/../../../../pic32mx/lib\libpic32.a(vector7.o)

.data%z99       0x00000000        0x0
 .data          0x00000000        0x0 d:/program files/microchip/xc32/v2.41/bin/bin/../../lib/gcc/pic32mx/4.8.3/../../../../pic32mx/lib\libpic32.a(vector7.o)

.bss%z100       0x00000000        0x0
 .bss           0x00000000        0x0 d:/program files/microchip/xc32/v2.41/bin/bin/../../lib/gcc/pic32mx/4.8.3/../../../../pic32mx/lib\libpic32.a(vector6.o)

.data%z101      0x00000000        0x0
 .data          0x00000000        0x0 d:/program files/microchip/xc32/v2.41/bin/bin/../../lib/gcc/pic32mx/4.8.3/../../../../pic32mx/lib\libpic32.a(vector6.o)

.bss%z102       0x00000000        0x0
 .bss           0x00000000        0x0 d:/program files/microchip/xc32/v2.41/bin/bin/../../lib/gcc/pic32mx/4.8.3/../../../../pic32mx/lib\libpic32.a(vector5.o)

.data%z103      0x00000000        0x0
 .data          0x00000000        0x0 d:/program files/microchip/xc32/v2.41/bin/bin/../../lib/gcc/pic32mx/4.8.3/../../../../pic32mx/lib\libpic32.a(vector5.o)

.bss%z104       0x00000000        0x0
 .bss           0x00000000        0x0 d:/program files/microchip/xc32/v2.41/bin/bin/../../lib/gcc/pic32mx/4.8.3/../../../../pic32mx/lib\libpic32.a(vector4.o)

.data%z105      0x00000000        0x0
 .data          0x00000000        0x0 d:/program files/microchip/xc32/v2.41/bin/bin/../../lib/gcc/pic32mx/4.8.3/../../../../pic32mx/lib\libpic32.a(vector4.o)

.bss%z106       0x00000000        0x0
 .bss           0x00000000        0x0 d:/program files/microchip/xc32/v2.41/bin/bin/../../lib/gcc/pic32mx/4.8.3/../../../../pic32mx/lib\libpic32.a(vector3.o)

.data%z107      0x00000000        0x0
 .data          0x00000000        0x0 d:/program files/microchip/xc32/v2.41/bin/bin/../../lib/gcc/pic32mx/4.8.3/../../../../pic32mx/lib\libpic32.a(vector3.o)

.bss%z108       0x00000000        0x0
 .bss           0x00000000        0x0 d:/program files/microchip/xc32/v2.41/bin/bin/../../lib/gcc/pic32mx/4.8.3/../../../../pic32mx/lib\libpic32.a(vector2.o)

.data%z109      0x00000000        0x0
 .data          0x00000000        0x0 d:/program files/microchip/xc32/v2.41/bin/bin/../../lib/gcc/pic32mx/4.8.3/../../../../pic32mx/lib\libpic32.a(vector2.o)

.bss%z110       0x00000000        0x0
 .bss           0x00000000        0x0 d:/program files/microchip/xc32/v2.41/bin/bin/../../lib/gcc/pic32mx/4.8.3/../../../../pic32mx/lib\libpic32.a(vector1.o)

.data%z111      0x00000000        0x0
 .data          0x00000000        0x0 d:/program files/microchip/xc32/v2.41/bin/bin/../../lib/gcc/pic32mx/4.8.3/../../../../pic32mx/lib\libpic32.a(vector1.o)

.bss%z112       0x00000000        0x0
 .bss           0x00000000        0x0 d:/program files/microchip/xc32/v2.41/bin/bin/../../lib/gcc/pic32mx/4.8.3/../../../../pic32mx/lib\libpic32.a(general-exception.o)

.data%z113      0x00000000        0x0
 .data          0x00000000        0x0 d:/program files/microchip/xc32/v2.41/bin/bin/../../lib/gcc/pic32mx/4.8.3/../../../../pic32mx/lib\libpic32.a(general-exception.o)

.bss%z114       0x00000000        0x0
 .bss           0x00000000        0x0 d:/program files/microchip/xc32/v2.41/bin/bin/../../lib/gcc/pic32mx/4.8.3/../../../../pic32mx/lib\libpic32.a(pic32_data_init.o)

.data%z115      0x00000000        0x0
 .data          0x00000000        0x0 d:/program files/microchip/xc32/v2.41/bin/bin/../../lib/gcc/pic32mx/4.8.3/../../../../pic32mx/lib\libpic32.a(pic32_data_init.o)

.bss%z116       0x00000000        0x0
 .bss           0x00000000        0x0 d:/program files/microchip/xc32/v2.41/bin/bin/../../lib/gcc/pic32mx/4.8.3/../../../../pic32mx/lib\libpic32.a(default-nmi-handler.o)

.data%z117      0x00000000        0x0
 .data          0x00000000        0x0 d:/program files/microchip/xc32/v2.41/bin/bin/../../lib/gcc/pic32mx/4.8.3/../../../../pic32mx/lib\libpic32.a(default-nmi-handler.o)

.bss%z118       0x00000000        0x0
 .bss           0x00000000        0x0 d:/program files/microchip/xc32/v2.41/bin/bin/../../lib/gcc/pic32mx/4.8.3/../../../../pic32mx/lib\libpic32.a(default-on-bootstrap.o)

.data%z119      0x00000000        0x0
 .data          0x00000000        0x0 d:/program files/microchip/xc32/v2.41/bin/bin/../../lib/gcc/pic32mx/4.8.3/../../../../pic32mx/lib\libpic32.a(default-on-bootstrap.o)

.bss%z120       0x00000000        0x0
 .bss           0x00000000        0x0 d:/program files/microchip/xc32/v2.41/bin/bin/../../lib/gcc/pic32mx/4.8.3/../../../../pic32mx/lib\libpic32.a(default-on-reset.o)

.data%z121      0x00000000        0x0
 .data          0x00000000        0x0 d:/program files/microchip/xc32/v2.41/bin/bin/../../lib/gcc/pic32mx/4.8.3/../../../../pic32mx/lib\libpic32.a(default-on-reset.o)

.bss%z122       0x00000000        0x0
 .bss           0x00000000        0x0 d:/program files/microchip/xc32/v2.41/bin/bin/../../lib/gcc/pic32mx/4.8.3/../../../../pic32mx/lib\libpic32.a(default-bootstrap-exception-handler.o)

.data%z123      0x00000000        0x0
 .data          0x00000000        0x0 d:/program files/microchip/xc32/v2.41/bin/bin/../../lib/gcc/pic32mx/4.8.3/../../../../pic32mx/lib\libpic32.a(default-bootstrap-exception-handler.o)

.bss%z124       0x00000000        0x0
 .bss           0x00000000        0x0 d:/program files/microchip/xc32/v2.41/bin/bin/../../lib/gcc/pic32mx/4.8.3\libgcc.a(floatunsisf.o)

.data%z125      0x00000000        0x0
 .data          0x00000000        0x0 d:/program files/microchip/xc32/v2.41/bin/bin/../../lib/gcc/pic32mx/4.8.3\libgcc.a(floatunsisf.o)

.bss%z126       0x00000000        0x0
 .bss           0x00000000        0x0 d:/program files/microchip/xc32/v2.41/bin/bin/../../lib/gcc/pic32mx/4.8.3/../../../../pic32mx/lib\libmchp_peripheral_32MX250F128B.a(int_tbl_lib.o)

.data%z127      0x00000000        0x0
 .data          0x00000000        0x0 d:/program files/microchip/xc32/v2.41/bin/bin/../../lib/gcc/pic32mx/4.8.3/../../../../pic32mx/lib\libmchp_peripheral_32MX250F128B.a(int_tbl_lib.o)

.bss%z128       0x00000000        0x0
 .bss           0x00000000        0x0 d:/program files/microchip/xc32/v2.41/bin/bin/../../lib/gcc/pic32mx/4.8.3/../../../../pic32mx/lib\libmchp_peripheral_32MX250F128B.a(int_enable_interrupts_lib.o)

.data%z129      0x00000000        0x0
 .data          0x00000000        0x0 d:/program files/microchip/xc32/v2.41/bin/bin/../../lib/gcc/pic32mx/4.8.3/../../../../pic32mx/lib\libmchp_peripheral_32MX250F128B.a(int_enable_interrupts_lib.o)

.bss%z130       0x00000000        0x0
 .bss           0x00000000        0x0 d:/program files/microchip/xc32/v2.41/bin/bin/../../lib/gcc/pic32mx/4.8.3/../../../../pic32mx/lib\libmchp_peripheral_32MX250F128B.a(spi_map_tbl_libp.o)

.data%z131      0x00000000        0x0
 .data          0x00000000        0x0 d:/program files/microchip/xc32/v2.41/bin/bin/../../lib/gcc/pic32mx/4.8.3/../../../../pic32mx/lib\libmchp_peripheral_32MX250F128B.a(spi_map_tbl_libp.o)

.bss%z132       0x00000000        0x0
 .bss           0x00000000        0x0 d:/program files/microchip/xc32/v2.41/bin/bin/../../lib/gcc/pic32mx/4.8.3/../../../../pic32mx/lib\libmchp_peripheral_32MX250F128B.a(spi_chn_open_lib.o)

.data%z133      0x00000000        0x0
 .data          0x00000000        0x0 d:/program files/microchip/xc32/v2.41/bin/bin/../../lib/gcc/pic32mx/4.8.3/../../../../pic32mx/lib\libmchp_peripheral_32MX250F128B.a(spi_chn_open_lib.o)

.bss%z134       0x00000000        0x0
 .bss           0x00000000        0x0 d:/program files/microchip/xc32/v2.41/bin/bin/../../lib/gcc/pic32mx/4.8.3/../../../../pic32mx/lib\libmchp_peripheral_32MX250F128B.a(int_enable_sv_int_lib.o)

.data%z135      0x00000000        0x0
 .data          0x00000000        0x0 d:/program files/microchip/xc32/v2.41/bin/bin/../../lib/gcc/pic32mx/4.8.3/../../../../pic32mx/lib\libmchp_peripheral_32MX250F128B.a(int_enable_sv_int_lib.o)

.bss%z136       0x00000000        0x0
 .bss           0x00000000        0x0 d:/program files/microchip/xc32/v2.41/bin/bin/../../lib/gcc/pic32mx/4.8.3/../../../../pic32mx/lib\libmchp_peripheral_32MX250F128B.a(int_restore_interrupts_lib.o)

.data%z137      0x00000000        0x0
 .data          0x00000000        0x0 d:/program files/microchip/xc32/v2.41/bin/bin/../../lib/gcc/pic32mx/4.8.3/../../../../pic32mx/lib\libmchp_peripheral_32MX250F128B.a(int_restore_interrupts_lib.o)

.bss%z138       0x00000000        0x0
 .bss           0x00000000        0x0 d:/program files/microchip/xc32/v2.41/bin/bin/../../lib/gcc/pic32mx/4.8.3/../../../../pic32mx/lib\libmchp_peripheral_32MX250F128B.a(int_disable_interrupts_lib.o)

.data%z139      0x00000000        0x0
 .data          0x00000000        0x0 d:/program files/microchip/xc32/v2.41/bin/bin/../../lib/gcc/pic32mx/4.8.3/../../../../pic32mx/lib\libmchp_peripheral_32MX250F128B.a(int_disable_interrupts_lib.o)

.bss%z140       0x00000000        0x0
 .bss           0x00000000        0x0 d:/program files/microchip/xc32/v2.41/bin/bin/../../lib/gcc/pic32mx/4.8.3/../../../../pic32mx/lib/./proc/32MX250F128B\processor.o

.data%z141      0x00000000        0x0
 .data          0x00000000        0x0 d:/program files/microchip/xc32/v2.41/bin/bin/../../lib/gcc/pic32mx/4.8.3/../../../../pic32mx/lib/./proc/32MX250F128B\processor.o

.bss%z142       0x00000000        0x0
 .bss           0x00000000        0x0 d:/program files/microchip/xc32/v2.41/bin/bin/../../lib/gcc/pic32mx/4.8.3/../../../../pic32mx/lib\pic32_software_reset.o

.data%z143      0x00000000        0x0
 .data          0x00000000        0x0 d:/program files/microchip/xc32/v2.41/bin/bin/../../lib/gcc/pic32mx/4.8.3/../../../../pic32mx/lib\pic32_software_reset.o

.bss%z144       0x00000000        0x0
 .bss           0x00000000        0x0 C:\Users\leibe\AppData\Local\Temp\cc4gROqC.o

.data%z145      0x00000000        0x0
 .data          0x00000000        0x0 C:\Users\leibe\AppData\Local\Temp\cc4gROqC.o

.bss%z146       0x00000000        0x0
 .bss           0x00000000        0x0 C:\Users\leibe\AppData\Local\Temp\cc4zl2fA.o

.data%z147      0x00000000        0x0
 .data          0x00000000        0x0 C:\Users\leibe\AppData\Local\Temp\cc4zl2fA.o

.bss%z148       0x00000000        0x0
 .bss           0x00000000        0x0 C:\Users\leibe\AppData\Local\Temp\ccclmqjN.o

.data%z149      0x00000000        0x0
 .data          0x00000000        0x0 C:\Users\leibe\AppData\Local\Temp\ccclmqjN.o

.bss%z150       0x00000000        0x0
 .bss           0x00000000        0x0 build/default/production/ztimer.o

.data%z151      0x00000000        0x0
 .data          0x00000000        0x0 build/default/production/ztimer.o

.bss%z152       0x00000000        0x0
 .bss           0x00000000        0x0 build/default/production/dds_fsm.o

.data%z153      0x00000000        0x0
 .data          0x00000000        0x0 build/default/production/dds_fsm.o

.bss%z154       0x00000000        0x0
 .bss           0x00000000        0x0 build/default/production/timer1.o

.data%z155      0x00000000        0x0
 .data          0x00000000        0x0 build/default/production/timer1.o

.bss%z156       0x00000000        0x0
 .bss           0x00000000        0x0 build/default/production/dds_test.o

.data%z157      0x00000000        0x0
 .data          0x00000000        0x0 build/default/production/dds_test.o

.bss%z158       0x00000000        0x0
 .bss           0x00000000        0x0 build/default/production/dac4822.o

.data%z159      0x00000000        0x0